*** Using Compiler 'V5.06 update 7 (build 960)', folder: 'E:\project_ruanjian\Keil_C51\ARM\ARMCC\Bin'
Rebuild target '03_FlowLEDCirculate_HAL2'
assembling startup_stm32f103xe.s...
compiling stm32f1xx_it.c...
compiling stm32f1xx_hal_msp.c...
compiling stm32f1xx_hal_gpio_ex.c...
compiling main.c...
compiling gpio.c...
compiling stm32f1xx_hal_tim_ex.c...
compiling stm32f1xx_hal_tim.c...
compiling stm32f1xx_hal.c...
compiling stm32f1xx_hal_gpio.c...
compiling stm32f1xx_hal_flash_ex.c...
compiling stm32f1xx_hal_rcc.c...
compiling stm32f1xx_hal_cortex.c...
compiling stm32f1xx_hal_pwr.c...
compiling stm32f1xx_hal_rcc_ex.c...
compiling stm32f1xx_hal_flash.c...
compiling stm32f1xx_hal_dma.c...
compiling stm32f1xx_hal_exti.c...
compiling system_stm32f1xx.c...
compiling Int_LED.c...
linking...
Program Size: Code=2844 RO-data=372 RW-data=24 ZI-data=1632  
FromELF: creating hex file...
"03_FlowLEDCirculate_HAL2\03_FlowLEDCirculate_HAL2.axf" - 0 Error(s), 0 Warning(s).
Build Time Elapsed:  00:00:09
