Component: ARM Compiler 5.06 update 7 (build 960) Tool: armlink [4d3601]

==============================================================================

Section Cross References

    startup_stm32f10x_hd.o(RESET) refers to startup_stm32f10x_hd.o(STACK) for __initial_sp
    startup_stm32f10x_hd.o(RESET) refers to startup_stm32f10x_hd.o(.text) for Reset_Handler
    startup_stm32f10x_hd.o(RESET) refers to int_key.o(i.EXTI9_5_IRQHandler) for EXTI9_5_IRQHandler
    startup_stm32f10x_hd.o(RESET) refers to int_key.o(i.EXTI15_10_IRQHandler) for EXTI15_10_IRQHandler
    startup_stm32f10x_hd.o(.text) refers to system_stm32f10x.o(i.SystemInit) for SystemInit
    startup_stm32f10x_hd.o(.text) refers to entry.o(.ARM.Collect$$$$00000000) for __main
    system_stm32f10x.o(i.SetSysClock) refers to system_stm32f10x.o(i.SetSysClockTo72) for SetSysClockTo72
    system_stm32f10x.o(i.SystemCoreClockUpdate) refers to system_stm32f10x.o(.data) for SystemCoreClock
    system_stm32f10x.o(i.SystemInit) refers to system_stm32f10x.o(i.SetSysClock) for SetSysClock
    com_util.o(i.Com_Delay_ms) refers to com_util.o(i.Com_Delay_us) for Com_Delay_us
    int_led.o(i.Int_LED_OffAll) refers to int_led.o(i.Int_LED_On) for Int_LED_On
    int_led.o(i.Int_LED_OnAll) refers to int_led.o(i.Int_LED_On) for Int_LED_On
    int_led.o(i.Int_LED_Toggle) refers to int_led.o(i.Int_LED_Off) for Int_LED_Off
    int_led.o(i.Int_LED_Toggle) refers to int_led.o(i.Int_LED_On) for Int_LED_On
    int_key.o(i.EXTI15_10_IRQHandler) refers to com_util.o(i.Com_Delay_ms) for Com_Delay_ms
    int_key.o(i.EXTI15_10_IRQHandler) refers to main.o(i.Int_Key_IsSW5Callback) for Int_Key_IsSW5Callback
    int_key.o(i.EXTI15_10_IRQHandler) refers to main.o(i.Int_Key_IsSW6Callback) for Int_Key_IsSW6Callback
    int_key.o(i.EXTI9_5_IRQHandler) refers to com_util.o(i.Com_Delay_ms) for Com_Delay_ms
    int_key.o(i.EXTI9_5_IRQHandler) refers to main.o(i.Int_Key_IsSW3Callback) for Int_Key_IsSW3Callback
    int_key.o(i.EXTI9_5_IRQHandler) refers to main.o(i.Int_Key_IsSW4Callback) for Int_Key_IsSW4Callback
    int_key.o(i.Int_Key_Init) refers to int_key.o(i.NVIC_SetPriority) for NVIC_SetPriority
    int_key.o(i.Int_Key_Init) refers to int_key.o(i.NVIC_EnableIRQ) for NVIC_EnableIRQ
    main.o(i.Int_Key_IsSW3Callback) refers to int_led.o(i.Int_LED_Toggle) for Int_LED_Toggle
    main.o(i.Int_Key_IsSW4Callback) refers to int_led.o(i.Int_LED_Toggle) for Int_LED_Toggle
    main.o(i.Int_Key_IsSW5Callback) refers to int_led.o(i.Int_LED_Toggle) for Int_LED_Toggle
    main.o(i.Int_Key_IsSW6Callback) refers to int_led.o(i.Int_LED_Toggle) for Int_LED_Toggle
    main.o(i.main) refers to int_led.o(i.Int_LED_Init) for Int_LED_Init
    main.o(i.main) refers to int_key.o(i.Int_Key_Init) for Int_Key_Init
    entry.o(.ARM.Collect$$$$00000000) refers (Special) to entry10a.o(.ARM.Collect$$$$0000000F) for __rt_final_cpp
    entry.o(.ARM.Collect$$$$00000000) refers (Special) to entry11a.o(.ARM.Collect$$$$00000011) for __rt_final_exit
    entry.o(.ARM.Collect$$$$00000000) refers (Special) to entry12b.o(.ARM.Collect$$$$0000000E) for __rt_lib_shutdown_fini
    entry.o(.ARM.Collect$$$$00000000) refers (Special) to entry7b.o(.ARM.Collect$$$$00000008) for _main_clock
    entry.o(.ARM.Collect$$$$00000000) refers (Special) to entry8b.o(.ARM.Collect$$$$0000000A) for _main_cpp_init
    entry.o(.ARM.Collect$$$$00000000) refers (Special) to entry9a.o(.ARM.Collect$$$$0000000B) for _main_init
    entry.o(.ARM.Collect$$$$00000000) refers (Special) to entry5.o(.ARM.Collect$$$$00000004) for _main_scatterload
    entry.o(.ARM.Collect$$$$00000000) refers (Special) to entry2.o(.ARM.Collect$$$$00000001) for _main_stk
    entry2.o(.ARM.Collect$$$$00000001) refers to entry2.o(.ARM.Collect$$$$00002712) for __lit__00000000
    entry2.o(.ARM.Collect$$$$00002712) refers to startup_stm32f10x_hd.o(STACK) for __initial_sp
    entry2.o(__vectab_stack_and_reset_area) refers to startup_stm32f10x_hd.o(STACK) for __initial_sp
    entry2.o(__vectab_stack_and_reset_area) refers to entry.o(.ARM.Collect$$$$00000000) for __main
    entry5.o(.ARM.Collect$$$$00000004) refers to init.o(.text) for __scatterload
    entry9a.o(.ARM.Collect$$$$0000000B) refers to main.o(i.main) for main
    entry9b.o(.ARM.Collect$$$$0000000C) refers to main.o(i.main) for main
    init.o(.text) refers to entry5.o(.ARM.Collect$$$$00000004) for __main_after_scatterload


==============================================================================

Removing Unused input sections from the image.

    Removing core_cm3.o(.emb_text), (32 bytes).
    Removing startup_stm32f10x_hd.o(HEAP), (512 bytes).
    Removing system_stm32f10x.o(i.SystemCoreClockUpdate), (164 bytes).
    Removing system_stm32f10x.o(.data), (20 bytes).
    Removing int_led.o(i.Int_LED_OffAll), (28 bytes).
    Removing int_led.o(i.Int_LED_OnAll), (28 bytes).
    Removing int_key.o(i.Int_Key_IsSW3Callback), (2 bytes).
    Removing int_key.o(i.Int_Key_IsSW4Callback), (2 bytes).
    Removing int_key.o(i.Int_Key_IsSW5Callback), (2 bytes).
    Removing int_key.o(i.Int_Key_IsSW6Callback), (2 bytes).
    Removing main.o(.data), (6 bytes).

11 unused section(s) (total 798 bytes) removed from the image.

==============================================================================

Image Symbol Table

    Local Symbols

    Symbol Name                              Value     Ov Type        Size  Object(Section)

    ../clib/microlib/init/entry.s            0x00000000   Number         0  entry8a.o ABSOLUTE
    ../clib/microlib/init/entry.s            0x00000000   Number         0  entry12b.o ABSOLUTE
    ../clib/microlib/init/entry.s            0x00000000   Number         0  entry11b.o ABSOLUTE
    ../clib/microlib/init/entry.s            0x00000000   Number         0  entry11a.o ABSOLUTE
    ../clib/microlib/init/entry.s            0x00000000   Number         0  entry10b.o ABSOLUTE
    ../clib/microlib/init/entry.s            0x00000000   Number         0  entry7b.o ABSOLUTE
    ../clib/microlib/init/entry.s            0x00000000   Number         0  entry7a.o ABSOLUTE
    ../clib/microlib/init/entry.s            0x00000000   Number         0  entry10a.o ABSOLUTE
    ../clib/microlib/init/entry.s            0x00000000   Number         0  entry9b.o ABSOLUTE
    ../clib/microlib/init/entry.s            0x00000000   Number         0  entry12a.o ABSOLUTE
    ../clib/microlib/init/entry.s            0x00000000   Number         0  entry9a.o ABSOLUTE
    ../clib/microlib/init/entry.s            0x00000000   Number         0  entry8b.o ABSOLUTE
    ../clib/microlib/init/entry.s            0x00000000   Number         0  entry2.o ABSOLUTE
    ../clib/microlib/init/entry.s            0x00000000   Number         0  entry.o ABSOLUTE
    ../clib/microlib/init/entry.s            0x00000000   Number         0  entry5.o ABSOLUTE
    Start\\core_cm3.c                        0x00000000   Number         0  core_cm3.o ABSOLUTE
    Start\core_cm3.c                         0x00000000   Number         0  core_cm3.o ABSOLUTE
    Start\startup_stm32f10x_hd.s             0x00000000   Number         0  startup_stm32f10x_hd.o ABSOLUTE
    Start\system_stm32f10x.c                 0x00000000   Number         0  system_stm32f10x.o ABSOLUTE
    User\Com\Com_Util.c                      0x00000000   Number         0  com_util.o ABSOLUTE
    User\Int\Int_Key.c                       0x00000000   Number         0  int_key.o ABSOLUTE
    User\Int\Int_LED.c                       0x00000000   Number         0  int_led.o ABSOLUTE
    User\main.c                              0x00000000   Number         0  main.o ABSOLUTE
    dc.s                                     0x00000000   Number         0  dc.o ABSOLUTE
    handlers.s                               0x00000000   Number         0  handlers.o ABSOLUTE
    init.s                                   0x00000000   Number         0  init.o ABSOLUTE
    RESET                                    0x08000000   Section      304  startup_stm32f10x_hd.o(RESET)
    .ARM.Collect$$$$00000000                 0x08000130   Section        0  entry.o(.ARM.Collect$$$$00000000)
    .ARM.Collect$$$$00000001                 0x08000130   Section        4  entry2.o(.ARM.Collect$$$$00000001)
    .ARM.Collect$$$$00000004                 0x08000134   Section        4  entry5.o(.ARM.Collect$$$$00000004)
    .ARM.Collect$$$$00000008                 0x08000138   Section        0  entry7b.o(.ARM.Collect$$$$00000008)
    .ARM.Collect$$$$0000000A                 0x08000138   Section        0  entry8b.o(.ARM.Collect$$$$0000000A)
    .ARM.Collect$$$$0000000B                 0x08000138   Section        8  entry9a.o(.ARM.Collect$$$$0000000B)
    .ARM.Collect$$$$0000000E                 0x08000140   Section        4  entry12b.o(.ARM.Collect$$$$0000000E)
    .ARM.Collect$$$$0000000F                 0x08000144   Section        0  entry10a.o(.ARM.Collect$$$$0000000F)
    .ARM.Collect$$$$00000011                 0x08000144   Section        0  entry11a.o(.ARM.Collect$$$$00000011)
    .ARM.Collect$$$$00002712                 0x08000144   Section        4  entry2.o(.ARM.Collect$$$$00002712)
    __lit__00000000                          0x08000144   Data           4  entry2.o(.ARM.Collect$$$$00002712)
    .text                                    0x08000148   Section       36  startup_stm32f10x_hd.o(.text)
    .text                                    0x0800016c   Section       36  init.o(.text)
    i.Com_Delay_ms                           0x08000190   Section        0  com_util.o(i.Com_Delay_ms)
    i.Com_Delay_us                           0x080001a8   Section        0  com_util.o(i.Com_Delay_us)
    i.EXTI15_10_IRQHandler                   0x080001f8   Section        0  int_key.o(i.EXTI15_10_IRQHandler)
    i.EXTI9_5_IRQHandler                     0x08000258   Section        0  int_key.o(i.EXTI9_5_IRQHandler)
    i.Int_Key_Init                           0x080002b8   Section        0  int_key.o(i.Int_Key_Init)
    i.Int_Key_IsSW3Callback                  0x080003a8   Section        0  main.o(i.Int_Key_IsSW3Callback)
    i.Int_Key_IsSW4Callback                  0x080003b2   Section        0  main.o(i.Int_Key_IsSW4Callback)
    i.Int_Key_IsSW5Callback                  0x080003bc   Section        0  main.o(i.Int_Key_IsSW5Callback)
    i.Int_Key_IsSW6Callback                  0x080003c6   Section        0  main.o(i.Int_Key_IsSW6Callback)
    i.Int_LED_Init                           0x080003d0   Section        0  int_led.o(i.Int_LED_Init)
    i.Int_LED_Off                            0x08000428   Section        0  int_led.o(i.Int_LED_Off)
    i.Int_LED_On                             0x08000438   Section        0  int_led.o(i.Int_LED_On)
    i.Int_LED_Toggle                         0x08000448   Section        0  int_led.o(i.Int_LED_Toggle)
    i.NVIC_EnableIRQ                         0x08000468   Section        0  int_key.o(i.NVIC_EnableIRQ)
    NVIC_EnableIRQ                           0x08000469   Thumb Code    22  int_key.o(i.NVIC_EnableIRQ)
    i.NVIC_SetPriority                       0x08000480   Section        0  int_key.o(i.NVIC_SetPriority)
    NVIC_SetPriority                         0x08000481   Thumb Code    32  int_key.o(i.NVIC_SetPriority)
    i.SetSysClock                            0x080004a8   Section        0  system_stm32f10x.o(i.SetSysClock)
    SetSysClock                              0x080004a9   Thumb Code     8  system_stm32f10x.o(i.SetSysClock)
    i.SetSysClockTo72                        0x080004b0   Section        0  system_stm32f10x.o(i.SetSysClockTo72)
    SetSysClockTo72                          0x080004b1   Thumb Code   214  system_stm32f10x.o(i.SetSysClockTo72)
    i.SystemInit                             0x08000590   Section        0  system_stm32f10x.o(i.SystemInit)
    i.__scatterload_copy                     0x080005f0   Section       14  handlers.o(i.__scatterload_copy)
    i.__scatterload_null                     0x080005fe   Section        2  handlers.o(i.__scatterload_null)
    i.__scatterload_zeroinit                 0x08000600   Section       14  handlers.o(i.__scatterload_zeroinit)
    i.main                                   0x0800060e   Section        0  main.o(i.main)
    STACK                                    0x20000000   Section     1024  startup_stm32f10x_hd.o(STACK)

    Global Symbols

    Symbol Name                              Value     Ov Type        Size  Object(Section)

    BuildAttributes$$THM_ISAv4$P$D$K$B$S$PE$A:L22UL41UL21$X:L11$S22US41US21$IEEE1$IW$USESV6$~STKCKD$USESV7$~SHL$OSPACE$EBA8$MICROLIB$REQ8$PRES8$EABIv2 0x00000000   Number         0  anon$$obj.o ABSOLUTE
    __ARM_use_no_argv                        0x00000000   Number         0  main.o ABSOLUTE
    __arm_fini_                               - Undefined Weak Reference
    __cpp_initialize__aeabi_                  - Undefined Weak Reference
    __cxa_finalize                            - Undefined Weak Reference
    __decompress                              - Undefined Weak Reference
    _clock_init                               - Undefined Weak Reference
    _microlib_exit                            - Undefined Weak Reference
    __Vectors_Size                           0x00000130   Number         0  startup_stm32f10x_hd.o ABSOLUTE
    __Vectors                                0x08000000   Data           4  startup_stm32f10x_hd.o(RESET)
    __Vectors_End                            0x08000130   Data           0  startup_stm32f10x_hd.o(RESET)
    __main                                   0x08000131   Thumb Code     0  entry.o(.ARM.Collect$$$$00000000)
    _main_stk                                0x08000131   Thumb Code     0  entry2.o(.ARM.Collect$$$$00000001)
    _main_scatterload                        0x08000135   Thumb Code     0  entry5.o(.ARM.Collect$$$$00000004)
    __main_after_scatterload                 0x08000139   Thumb Code     0  entry5.o(.ARM.Collect$$$$00000004)
    _main_clock                              0x08000139   Thumb Code     0  entry7b.o(.ARM.Collect$$$$00000008)
    _main_cpp_init                           0x08000139   Thumb Code     0  entry8b.o(.ARM.Collect$$$$0000000A)
    _main_init                               0x08000139   Thumb Code     0  entry9a.o(.ARM.Collect$$$$0000000B)
    __rt_lib_shutdown_fini                   0x08000141   Thumb Code     0  entry12b.o(.ARM.Collect$$$$0000000E)
    __rt_final_cpp                           0x08000145   Thumb Code     0  entry10a.o(.ARM.Collect$$$$0000000F)
    __rt_final_exit                          0x08000145   Thumb Code     0  entry11a.o(.ARM.Collect$$$$00000011)
    Reset_Handler                            0x08000149   Thumb Code     8  startup_stm32f10x_hd.o(.text)
    NMI_Handler                              0x08000151   Thumb Code     2  startup_stm32f10x_hd.o(.text)
    HardFault_Handler                        0x08000153   Thumb Code     2  startup_stm32f10x_hd.o(.text)
    MemManage_Handler                        0x08000155   Thumb Code     2  startup_stm32f10x_hd.o(.text)
    BusFault_Handler                         0x08000157   Thumb Code     2  startup_stm32f10x_hd.o(.text)
    UsageFault_Handler                       0x08000159   Thumb Code     2  startup_stm32f10x_hd.o(.text)
    SVC_Handler                              0x0800015b   Thumb Code     2  startup_stm32f10x_hd.o(.text)
    DebugMon_Handler                         0x0800015d   Thumb Code     2  startup_stm32f10x_hd.o(.text)
    PendSV_Handler                           0x0800015f   Thumb Code     2  startup_stm32f10x_hd.o(.text)
    SysTick_Handler                          0x08000161   Thumb Code     2  startup_stm32f10x_hd.o(.text)
    ADC1_2_IRQHandler                        0x08000163   Thumb Code     0  startup_stm32f10x_hd.o(.text)
    ADC3_IRQHandler                          0x08000163   Thumb Code     0  startup_stm32f10x_hd.o(.text)
    CAN1_RX1_IRQHandler                      0x08000163   Thumb Code     0  startup_stm32f10x_hd.o(.text)
    CAN1_SCE_IRQHandler                      0x08000163   Thumb Code     0  startup_stm32f10x_hd.o(.text)
    DMA1_Channel1_IRQHandler                 0x08000163   Thumb Code     0  startup_stm32f10x_hd.o(.text)
    DMA1_Channel2_IRQHandler                 0x08000163   Thumb Code     0  startup_stm32f10x_hd.o(.text)
    DMA1_Channel3_IRQHandler                 0x08000163   Thumb Code     0  startup_stm32f10x_hd.o(.text)
    DMA1_Channel4_IRQHandler                 0x08000163   Thumb Code     0  startup_stm32f10x_hd.o(.text)
    DMA1_Channel5_IRQHandler                 0x08000163   Thumb Code     0  startup_stm32f10x_hd.o(.text)
    DMA1_Channel6_IRQHandler                 0x08000163   Thumb Code     0  startup_stm32f10x_hd.o(.text)
    DMA1_Channel7_IRQHandler                 0x08000163   Thumb Code     0  startup_stm32f10x_hd.o(.text)
    DMA2_Channel1_IRQHandler                 0x08000163   Thumb Code     0  startup_stm32f10x_hd.o(.text)
    DMA2_Channel2_IRQHandler                 0x08000163   Thumb Code     0  startup_stm32f10x_hd.o(.text)
    DMA2_Channel3_IRQHandler                 0x08000163   Thumb Code     0  startup_stm32f10x_hd.o(.text)
    DMA2_Channel4_5_IRQHandler               0x08000163   Thumb Code     0  startup_stm32f10x_hd.o(.text)
    EXTI0_IRQHandler                         0x08000163   Thumb Code     0  startup_stm32f10x_hd.o(.text)
    EXTI1_IRQHandler                         0x08000163   Thumb Code     0  startup_stm32f10x_hd.o(.text)
    EXTI2_IRQHandler                         0x08000163   Thumb Code     0  startup_stm32f10x_hd.o(.text)
    EXTI3_IRQHandler                         0x08000163   Thumb Code     0  startup_stm32f10x_hd.o(.text)
    EXTI4_IRQHandler                         0x08000163   Thumb Code     0  startup_stm32f10x_hd.o(.text)
    FLASH_IRQHandler                         0x08000163   Thumb Code     0  startup_stm32f10x_hd.o(.text)
    FSMC_IRQHandler                          0x08000163   Thumb Code     0  startup_stm32f10x_hd.o(.text)
    I2C1_ER_IRQHandler                       0x08000163   Thumb Code     0  startup_stm32f10x_hd.o(.text)
    I2C1_EV_IRQHandler                       0x08000163   Thumb Code     0  startup_stm32f10x_hd.o(.text)
    I2C2_ER_IRQHandler                       0x08000163   Thumb Code     0  startup_stm32f10x_hd.o(.text)
    I2C2_EV_IRQHandler                       0x08000163   Thumb Code     0  startup_stm32f10x_hd.o(.text)
    PVD_IRQHandler                           0x08000163   Thumb Code     0  startup_stm32f10x_hd.o(.text)
    RCC_IRQHandler                           0x08000163   Thumb Code     0  startup_stm32f10x_hd.o(.text)
    RTCAlarm_IRQHandler                      0x08000163   Thumb Code     0  startup_stm32f10x_hd.o(.text)
    RTC_IRQHandler                           0x08000163   Thumb Code     0  startup_stm32f10x_hd.o(.text)
    SDIO_IRQHandler                          0x08000163   Thumb Code     0  startup_stm32f10x_hd.o(.text)
    SPI1_IRQHandler                          0x08000163   Thumb Code     0  startup_stm32f10x_hd.o(.text)
    SPI2_IRQHandler                          0x08000163   Thumb Code     0  startup_stm32f10x_hd.o(.text)
    SPI3_IRQHandler                          0x08000163   Thumb Code     0  startup_stm32f10x_hd.o(.text)
    TAMPER_IRQHandler                        0x08000163   Thumb Code     0  startup_stm32f10x_hd.o(.text)
    TIM1_BRK_IRQHandler                      0x08000163   Thumb Code     0  startup_stm32f10x_hd.o(.text)
    TIM1_CC_IRQHandler                       0x08000163   Thumb Code     0  startup_stm32f10x_hd.o(.text)
    TIM1_TRG_COM_IRQHandler                  0x08000163   Thumb Code     0  startup_stm32f10x_hd.o(.text)
    TIM1_UP_IRQHandler                       0x08000163   Thumb Code     0  startup_stm32f10x_hd.o(.text)
    TIM2_IRQHandler                          0x08000163   Thumb Code     0  startup_stm32f10x_hd.o(.text)
    TIM3_IRQHandler                          0x08000163   Thumb Code     0  startup_stm32f10x_hd.o(.text)
    TIM4_IRQHandler                          0x08000163   Thumb Code     0  startup_stm32f10x_hd.o(.text)
    TIM5_IRQHandler                          0x08000163   Thumb Code     0  startup_stm32f10x_hd.o(.text)
    TIM6_IRQHandler                          0x08000163   Thumb Code     0  startup_stm32f10x_hd.o(.text)
    TIM7_IRQHandler                          0x08000163   Thumb Code     0  startup_stm32f10x_hd.o(.text)
    TIM8_BRK_IRQHandler                      0x08000163   Thumb Code     0  startup_stm32f10x_hd.o(.text)
    TIM8_CC_IRQHandler                       0x08000163   Thumb Code     0  startup_stm32f10x_hd.o(.text)
    TIM8_TRG_COM_IRQHandler                  0x08000163   Thumb Code     0  startup_stm32f10x_hd.o(.text)
    TIM8_UP_IRQHandler                       0x08000163   Thumb Code     0  startup_stm32f10x_hd.o(.text)
    UART4_IRQHandler                         0x08000163   Thumb Code     0  startup_stm32f10x_hd.o(.text)
    UART5_IRQHandler                         0x08000163   Thumb Code     0  startup_stm32f10x_hd.o(.text)
    USART1_IRQHandler                        0x08000163   Thumb Code     0  startup_stm32f10x_hd.o(.text)
    USART2_IRQHandler                        0x08000163   Thumb Code     0  startup_stm32f10x_hd.o(.text)
    USART3_IRQHandler                        0x08000163   Thumb Code     0  startup_stm32f10x_hd.o(.text)
    USBWakeUp_IRQHandler                     0x08000163   Thumb Code     0  startup_stm32f10x_hd.o(.text)
    USB_HP_CAN1_TX_IRQHandler                0x08000163   Thumb Code     0  startup_stm32f10x_hd.o(.text)
    USB_LP_CAN1_RX0_IRQHandler               0x08000163   Thumb Code     0  startup_stm32f10x_hd.o(.text)
    WWDG_IRQHandler                          0x08000163   Thumb Code     0  startup_stm32f10x_hd.o(.text)
    __scatterload                            0x0800016d   Thumb Code    28  init.o(.text)
    __scatterload_rt2                        0x0800016d   Thumb Code     0  init.o(.text)
    Com_Delay_ms                             0x08000191   Thumb Code    24  com_util.o(i.Com_Delay_ms)
    Com_Delay_us                             0x080001a9   Thumb Code    80  com_util.o(i.Com_Delay_us)
    EXTI15_10_IRQHandler                     0x080001f9   Thumb Code    88  int_key.o(i.EXTI15_10_IRQHandler)
    EXTI9_5_IRQHandler                       0x08000259   Thumb Code    88  int_key.o(i.EXTI9_5_IRQHandler)
    Int_Key_Init                             0x080002b9   Thumb Code   214  int_key.o(i.Int_Key_Init)
    Int_Key_IsSW3Callback                    0x080003a9   Thumb Code    10  main.o(i.Int_Key_IsSW3Callback)
    Int_Key_IsSW4Callback                    0x080003b3   Thumb Code    10  main.o(i.Int_Key_IsSW4Callback)
    Int_Key_IsSW5Callback                    0x080003bd   Thumb Code    10  main.o(i.Int_Key_IsSW5Callback)
    Int_Key_IsSW6Callback                    0x080003c7   Thumb Code    10  main.o(i.Int_Key_IsSW6Callback)
    Int_LED_Init                             0x080003d1   Thumb Code    80  int_led.o(i.Int_LED_Init)
    Int_LED_Off                              0x08000429   Thumb Code    12  int_led.o(i.Int_LED_Off)
    Int_LED_On                               0x08000439   Thumb Code    12  int_led.o(i.Int_LED_On)
    Int_LED_Toggle                           0x08000449   Thumb Code    28  int_led.o(i.Int_LED_Toggle)
    SystemInit                               0x08000591   Thumb Code    78  system_stm32f10x.o(i.SystemInit)
    __scatterload_copy                       0x080005f1   Thumb Code    14  handlers.o(i.__scatterload_copy)
    __scatterload_null                       0x080005ff   Thumb Code     2  handlers.o(i.__scatterload_null)
    __scatterload_zeroinit                   0x08000601   Thumb Code    14  handlers.o(i.__scatterload_zeroinit)
    main                                     0x0800060f   Thumb Code    12  main.o(i.main)
    Region$$Table$$Base                      0x0800061c   Number         0  anon$$obj.o(Region$$Table)
    Region$$Table$$Limit                     0x0800062c   Number         0  anon$$obj.o(Region$$Table)
    __initial_sp                             0x20000400   Data           0  startup_stm32f10x_hd.o(STACK)



==============================================================================

Memory Map of the image

  Image Entry point : 0x08000131

  Load Region LR_IROM1 (Base: 0x08000000, Size: 0x0000062c, Max: 0x00080000, ABSOLUTE)

    Execution Region ER_IROM1 (Exec base: 0x08000000, Load base: 0x08000000, Size: 0x0000062c, Max: 0x00080000, ABSOLUTE)

    Exec Addr    Load Addr    Size         Type   Attr      Idx    E Section Name        Object

    0x08000000   0x08000000   0x00000130   Data   RO           19    RESET               startup_stm32f10x_hd.o
    0x08000130   0x08000130   0x00000000   Code   RO          271  * .ARM.Collect$$$$00000000  mc_w.l(entry.o)
    0x08000130   0x08000130   0x00000004   Code   RO          274    .ARM.Collect$$$$00000001  mc_w.l(entry2.o)
    0x08000134   0x08000134   0x00000004   Code   RO          277    .ARM.Collect$$$$00000004  mc_w.l(entry5.o)
    0x08000138   0x08000138   0x00000000   Code   RO          279    .ARM.Collect$$$$00000008  mc_w.l(entry7b.o)
    0x08000138   0x08000138   0x00000000   Code   RO          281    .ARM.Collect$$$$0000000A  mc_w.l(entry8b.o)
    0x08000138   0x08000138   0x00000008   Code   RO          282    .ARM.Collect$$$$0000000B  mc_w.l(entry9a.o)
    0x08000140   0x08000140   0x00000004   Code   RO          289    .ARM.Collect$$$$0000000E  mc_w.l(entry12b.o)
    0x08000144   0x08000144   0x00000000   Code   RO          284    .ARM.Collect$$$$0000000F  mc_w.l(entry10a.o)
    0x08000144   0x08000144   0x00000000   Code   RO          286    .ARM.Collect$$$$00000011  mc_w.l(entry11a.o)
    0x08000144   0x08000144   0x00000004   Code   RO          275    .ARM.Collect$$$$00002712  mc_w.l(entry2.o)
    0x08000148   0x08000148   0x00000024   Code   RO           20    .text               startup_stm32f10x_hd.o
    0x0800016c   0x0800016c   0x00000024   Code   RO          290    .text               mc_w.l(init.o)
    0x08000190   0x08000190   0x00000018   Code   RO           65    i.Com_Delay_ms      com_util.o
    0x080001a8   0x080001a8   0x00000050   Code   RO           66    i.Com_Delay_us      com_util.o
    0x080001f8   0x080001f8   0x00000060   Code   RO          153    i.EXTI15_10_IRQHandler  int_key.o
    0x08000258   0x08000258   0x00000060   Code   RO          154    i.EXTI9_5_IRQHandler  int_key.o
    0x080002b8   0x080002b8   0x000000f0   Code   RO          155    i.Int_Key_Init      int_key.o
    0x080003a8   0x080003a8   0x0000000a   Code   RO          222    i.Int_Key_IsSW3Callback  main.o
    0x080003b2   0x080003b2   0x0000000a   Code   RO          223    i.Int_Key_IsSW4Callback  main.o
    0x080003bc   0x080003bc   0x0000000a   Code   RO          224    i.Int_Key_IsSW5Callback  main.o
    0x080003c6   0x080003c6   0x0000000a   Code   RO          225    i.Int_Key_IsSW6Callback  main.o
    0x080003d0   0x080003d0   0x00000058   Code   RO          101    i.Int_LED_Init      int_led.o
    0x08000428   0x08000428   0x00000010   Code   RO          102    i.Int_LED_Off       int_led.o
    0x08000438   0x08000438   0x00000010   Code   RO          104    i.Int_LED_On        int_led.o
    0x08000448   0x08000448   0x00000020   Code   RO          106    i.Int_LED_Toggle    int_led.o
    0x08000468   0x08000468   0x00000016   Code   RO          160    i.NVIC_EnableIRQ    int_key.o
    0x0800047e   0x0800047e   0x00000002   PAD
    0x08000480   0x08000480   0x00000028   Code   RO          161    i.NVIC_SetPriority  int_key.o
    0x080004a8   0x080004a8   0x00000008   Code   RO           24    i.SetSysClock       system_stm32f10x.o
    0x080004b0   0x080004b0   0x000000e0   Code   RO           25    i.SetSysClockTo72   system_stm32f10x.o
    0x08000590   0x08000590   0x00000060   Code   RO           27    i.SystemInit        system_stm32f10x.o
    0x080005f0   0x080005f0   0x0000000e   Code   RO          294    i.__scatterload_copy  mc_w.l(handlers.o)
    0x080005fe   0x080005fe   0x00000002   Code   RO          295    i.__scatterload_null  mc_w.l(handlers.o)
    0x08000600   0x08000600   0x0000000e   Code   RO          296    i.__scatterload_zeroinit  mc_w.l(handlers.o)
    0x0800060e   0x0800060e   0x0000000c   Code   RO          226    i.main              main.o
    0x0800061a   0x0800061a   0x00000002   PAD
    0x0800061c   0x0800061c   0x00000010   Data   RO          292    Region$$Table       anon$$obj.o


    Execution Region RW_IRAM1 (Exec base: 0x20000000, Load base: 0x0800062c, Size: 0x00000400, Max: 0x00010000, ABSOLUTE)

    Exec Addr    Load Addr    Size         Type   Attr      Idx    E Section Name        Object

    0x20000000        -       0x00000400   Zero   RW           17    STACK               startup_stm32f10x_hd.o


==============================================================================

Image component sizes


      Code (inc. data)   RO Data    RW Data    ZI Data      Debug   Object Name

       104          0          0          0          0     205658   com_util.o
         0          0          0          0          0       4572   core_cm3.o
       494         50          0          0          0      17634   int_key.o
       152         20          0          0          0       1859   int_led.o
        52          0          0          0          0       2243   main.o
        36          8        304          0       1024        796   startup_stm32f10x_hd.o
       328         28          0          0          0       1993   system_stm32f10x.o

    ----------------------------------------------------------------------
      1170        106        320          0       1024     234755   Object Totals
         0          0         16          0          0          0   (incl. Generated)
         4          0          0          0          0          0   (incl. Padding)

    ----------------------------------------------------------------------

      Code (inc. data)   RO Data    RW Data    ZI Data      Debug   Library Member Name

         0          0          0          0          0          0   entry.o
         0          0          0          0          0          0   entry10a.o
         0          0          0          0          0          0   entry11a.o
         4          0          0          0          0          0   entry12b.o
         8          4          0          0          0          0   entry2.o
         4          0          0          0          0          0   entry5.o
         0          0          0          0          0          0   entry7b.o
         0          0          0          0          0          0   entry8b.o
         8          4          0          0          0          0   entry9a.o
        30          0          0          0          0          0   handlers.o
        36          8          0          0          0         68   init.o

    ----------------------------------------------------------------------
        90         16          0          0          0         68   Library Totals
         0          0          0          0          0          0   (incl. Padding)

    ----------------------------------------------------------------------

      Code (inc. data)   RO Data    RW Data    ZI Data      Debug   Library Name

        90         16          0          0          0         68   mc_w.l

    ----------------------------------------------------------------------
        90         16          0          0          0         68   Library Totals

    ----------------------------------------------------------------------

==============================================================================


      Code (inc. data)   RO Data    RW Data    ZI Data      Debug   

      1260        122        320          0       1024     234143   Grand Totals
      1260        122        320          0       1024     234143   ELF Image Totals
      1260        122        320          0          0          0   ROM Totals

==============================================================================

    Total RO  Size (Code + RO Data)                 1580 (   1.54kB)
    Total RW  Size (RW Data + ZI Data)              1024 (   1.00kB)
    Total ROM Size (Code + RO Data + RW Data)       1580 (   1.54kB)

==============================================================================

