Component: ARM Compiler 5.06 update 7 (build 960) Tool: armlink [4d3601]

==============================================================================

Section Cross References

    startup_stm32f10x_hd.o(RESET) refers to startup_stm32f10x_hd.o(STACK) for __initial_sp
    startup_stm32f10x_hd.o(RESET) refers to startup_stm32f10x_hd.o(.text) for Reset_Handler
    startup_stm32f10x_hd.o(RESET) refers to dri_systick.o(i.SysTick_Handler) for SysTick_Handler
    startup_stm32f10x_hd.o(RESET) refers to dri_dma.o(i.DMA1_Channel5_IRQHandler) for DMA1_Channel5_IRQHandler
    startup_stm32f10x_hd.o(RESET) refers to int_key.o(i.EXTI9_5_IRQHandler) for EXTI9_5_IRQHandler
    startup_stm32f10x_hd.o(RESET) refers to dri_tim1.o(i.TIM1_UP_IRQHandler) for TIM1_UP_IRQHandler
    startup_stm32f10x_hd.o(RESET) refers to dri_usart1.o(i.USART1_IRQHandler) for USART1_IRQHandler
    startup_stm32f10x_hd.o(RESET) refers to int_key.o(i.EXTI15_10_IRQHandler) for EXTI15_10_IRQHandler
    startup_stm32f10x_hd.o(RESET) refers to dri_tim6.o(i.TIM6_IRQHandler) for TIM6_IRQHandler
    startup_stm32f10x_hd.o(.text) refers to system_stm32f10x.o(i.SystemInit) for SystemInit
    startup_stm32f10x_hd.o(.text) refers to entry.o(.ARM.Collect$$$$00000000) for __main
    system_stm32f10x.o(i.SetSysClock) refers to system_stm32f10x.o(i.SetSysClockTo72) for SetSysClockTo72
    system_stm32f10x.o(i.SystemCoreClockUpdate) refers to system_stm32f10x.o(.data) for SystemCoreClock
    system_stm32f10x.o(i.SystemInit) refers to system_stm32f10x.o(i.SetSysClock) for SetSysClock
    com_util.o(i.Com_Delay_ms) refers to com_util.o(i.Com_Delay_us) for Com_Delay_us
    com_util.o(i.Com_Delay_s) refers to com_util.o(i.Com_Delay_ms) for Com_Delay_ms
    dri_usart1.o(i.Dri_USART1_TransmitBytes) refers to dri_usart1.o(i.Dri_USART1_TransmitByte) for Dri_USART1_TransmitByte
    dri_usart1.o(i.USART1_IRQHandler) refers to dri_usart1.o(i.Dri_USART1_ReceiveCallback) for Dri_USART1_ReceiveCallback
    dri_usart1.o(i.USART1_IRQHandler) refers to dri_usart1.o(.bss) for s_rx_bytes
    dri_usart1.o(i.USART1_IRQHandler) refers to dri_usart1.o(.data) for s_rx_len
    dri_usart1.o(i.fputc) refers to dri_usart1.o(i.Dri_USART1_TransmitByte) for Dri_USART1_TransmitByte
    dri_i2c.o(i.Dri_I2C_ReceiveACK) refers to com_util.o(i.Com_Delay_us) for Com_Delay_us
    dri_i2c.o(i.Dri_I2C_ReceiveByte) refers to com_util.o(i.Com_Delay_us) for Com_Delay_us
    dri_i2c.o(i.Dri_I2C_Start) refers to com_util.o(i.Com_Delay_us) for Com_Delay_us
    dri_i2c.o(i.Dri_I2C_Stop) refers to com_util.o(i.Com_Delay_us) for Com_Delay_us
    dri_i2c.o(i.Dri_I2C_TransmitACK) refers to com_util.o(i.Com_Delay_us) for Com_Delay_us
    dri_i2c.o(i.Dri_I2C_TransmitByte) refers to com_util.o(i.Com_Delay_us) for Com_Delay_us
    dri_i2c2.o(i.Dri_I2C2_Init) refers to com_util.o(i.Com_Delay_ms) for Com_Delay_ms
    dri_systick.o(i.Dri_SysTick_Delay_ms) refers to dri_systick.o(.data) for s_delay_ms
    dri_systick.o(i.SysTick_Handler) refers to dri_systick.o(i.Dri_SysTick_Callback) for Dri_SysTick_Callback
    dri_systick.o(i.SysTick_Handler) refers to dri_systick.o(.data) for s_delay_ms
    dri_tim6.o(i.TIM6_IRQHandler) refers to dri_tim6.o(i.Dri_TIM6_UpdateCallback) for Dri_TIM6_UpdateCallback
    dri_tim4.o(i.Dri_TIM4_CH1_GetPWMFreq) refers to dri_tim4.o(i.Dri_TIM4_CH1_GetPWMPeriod) for Dri_TIM4_CH1_GetPWMPeriod
    dri_tim4.o(i.Dri_TIM4_CH1_GetPWMFreq) refers to ddiv.o(.text) for __aeabi_ddiv
    dri_tim4.o(i.Dri_TIM4_CH1_GetPWMPeriod) refers to dflti.o(.text) for __aeabi_i2d
    dri_tim4.o(i.Dri_TIM4_CH1_GetPWMPeriod) refers to ddiv.o(.text) for __aeabi_ddiv
    dri_tim4.o(i.Dri_TIM4_CH2_GetPWMDuty) refers to dfltui.o(.text) for __aeabi_ui2d
    dri_tim4.o(i.Dri_TIM4_CH2_GetPWMDuty) refers to dadd.o(.text) for __aeabi_dadd
    dri_tim4.o(i.Dri_TIM4_CH2_GetPWMDuty) refers to ddiv.o(.text) for __aeabi_ddiv
    dri_tim1.o(i.TIM1_UP_IRQHandler) refers to dri_tim1.o(i.Dri_TIM1_Stop) for Dri_TIM1_Stop
    dri_tim1.o(i.TIM1_UP_IRQHandler) refers to printf6.o(i.__0printf$6) for __2printf
    dri_dma.o(i.DMA1_Channel5_IRQHandler) refers to dri_dma.o(i.Dri_DMA_TC_Callback) for Dri_DMA_TC_Callback
    dri_dma.o(i.Dri_DMA_Transfer) refers to com_util.o(i.Com_Delay_ms) for Com_Delay_ms
    dri_adc1.o(i.Dri_ADC1_GetValue_Vol) refers to dri_adc1.o(i.Dri_ADC1_GetValue) for Dri_ADC1_GetValue
    dri_adc1.o(i.Dri_ADC1_GetValue_Vol) refers to dfltui.o(.text) for __aeabi_ui2d
    dri_adc1.o(i.Dri_ADC1_GetValue_Vol) refers to ddiv.o(.text) for __aeabi_ddiv
    dri_adc1.o(i.Dri_ADC1_GetValue_Vol) refers to dmul.o(.text) for __aeabi_dmul
    dri_spi.o(i.Dri_SPI_Init) refers to com_util.o(i.Com_Delay_us) for Com_Delay_us
    dri_spi.o(i.Dri_SPI_SwapByte) refers to com_util.o(i.Com_Delay_us) for Com_Delay_us
    dri_rtc.o(i.Dri_RTC_GetTime) refers to localtime_w.o(.text) for localtime
    dri_rtc.o(i.Dri_RTC_SetTime) refers to mktime.o(.text) for mktime
    int_led.o(i.Int_LED_OffAll) refers to int_led.o(i.Int_LED_Off) for Int_LED_Off
    int_led.o(i.Int_LED_OnAll) refers to int_led.o(i.Int_LED_On) for Int_LED_On
    int_led.o(i.Int_LED_Toggle) refers to int_led.o(i.Int_LED_Off) for Int_LED_Off
    int_led.o(i.Int_LED_Toggle) refers to int_led.o(i.Int_LED_On) for Int_LED_On
    int_key.o(i.EXTI15_10_IRQHandler) refers to com_util.o(i.Com_Delay_ms) for Com_Delay_ms
    int_key.o(i.EXTI15_10_IRQHandler) refers to int_key.o(i.Int_Key_SW5Callback) for Int_Key_SW5Callback
    int_key.o(i.EXTI15_10_IRQHandler) refers to int_key.o(i.Int_Key_SW6Callback) for Int_Key_SW6Callback
    int_key.o(i.EXTI9_5_IRQHandler) refers to com_util.o(i.Com_Delay_ms) for Com_Delay_ms
    int_key.o(i.EXTI9_5_IRQHandler) refers to int_key.o(i.Int_Key_SW3Callback) for Int_Key_SW3Callback
    int_key.o(i.EXTI9_5_IRQHandler) refers to int_key.o(i.Int_Key_SW4Callback) for Int_Key_SW4Callback
    int_key.o(i.Int_Key_Init) refers to int_key.o(i.NVIC_EnableIRQ) for NVIC_EnableIRQ
    int_key.o(i.Int_Key_Init) refers to int_key.o(i.NVIC_SetPriority) for NVIC_SetPriority
    int_eeprom.o(i.Int_EEPROM_ReadData) refers to dri_i2c2.o(i.Dri_I2C2_Start) for Dri_I2C2_Start
    int_eeprom.o(i.Int_EEPROM_ReadData) refers to dri_i2c2.o(i.Dri_I2C2_TransmitSlaveAddr) for Dri_I2C2_TransmitSlaveAddr
    int_eeprom.o(i.Int_EEPROM_ReadData) refers to dri_i2c2.o(i.Dri_I2C2_ReceiveACK) for Dri_I2C2_ReceiveACK
    int_eeprom.o(i.Int_EEPROM_ReadData) refers to dri_i2c2.o(i.Dri_I2C2_TransmitByte) for Dri_I2C2_TransmitByte
    int_eeprom.o(i.Int_EEPROM_ReadData) refers to dri_i2c2.o(i.Dri_I2C2_TransmitACK) for Dri_I2C2_TransmitACK
    int_eeprom.o(i.Int_EEPROM_ReadData) refers to dri_i2c2.o(i.Dri_I2C2_Stop) for Dri_I2C2_Stop
    int_eeprom.o(i.Int_EEPROM_ReadData) refers to dri_i2c2.o(i.Dri_I2C2_ReceiveByte) for Dri_I2C2_ReceiveByte
    int_eeprom.o(i.Int_EEPROM_WriteData) refers to int_eeprom.o(i.Int_EEPROM_WriteIntoPage) for Int_EEPROM_WriteIntoPage
    int_eeprom.o(i.Int_EEPROM_WriteIntoPage) refers to dri_i2c2.o(i.Dri_I2C2_Start) for Dri_I2C2_Start
    int_eeprom.o(i.Int_EEPROM_WriteIntoPage) refers to dri_i2c2.o(i.Dri_I2C2_TransmitSlaveAddr) for Dri_I2C2_TransmitSlaveAddr
    int_eeprom.o(i.Int_EEPROM_WriteIntoPage) refers to dri_i2c2.o(i.Dri_I2C2_ReceiveACK) for Dri_I2C2_ReceiveACK
    int_eeprom.o(i.Int_EEPROM_WriteIntoPage) refers to dri_i2c2.o(i.Dri_I2C2_TransmitByte) for Dri_I2C2_TransmitByte
    int_eeprom.o(i.Int_EEPROM_WriteIntoPage) refers to dri_i2c2.o(i.Dri_I2C2_Stop) for Dri_I2C2_Stop
    int_eeprom.o(i.Int_EEPROM_WriteIntoPage) refers to com_util.o(i.Com_Delay_ms) for Com_Delay_ms
    int_norflash.o(i.Int_NorFlash_CloseWriteEnable) refers to dri_spi.o(i.Dri_SPI_Start) for Dri_SPI_Start
    int_norflash.o(i.Int_NorFlash_CloseWriteEnable) refers to dri_spi.o(i.Dri_SPI_SwapByte) for Dri_SPI_SwapByte
    int_norflash.o(i.Int_NorFlash_CloseWriteEnable) refers to dri_spi.o(i.Dri_SPI_Stop) for Dri_SPI_Stop
    int_norflash.o(i.Int_NorFlash_EraseSector) refers to int_norflash.o(i.Int_NorFlash_WaitNotBusy) for Int_NorFlash_WaitNotBusy
    int_norflash.o(i.Int_NorFlash_EraseSector) refers to int_norflash.o(i.Int_NorFlash_OpenWriteEnable) for Int_NorFlash_OpenWriteEnable
    int_norflash.o(i.Int_NorFlash_EraseSector) refers to dri_spi.o(i.Dri_SPI_Start) for Dri_SPI_Start
    int_norflash.o(i.Int_NorFlash_EraseSector) refers to dri_spi.o(i.Dri_SPI_SwapByte) for Dri_SPI_SwapByte
    int_norflash.o(i.Int_NorFlash_EraseSector) refers to dri_spi.o(i.Dri_SPI_Stop) for Dri_SPI_Stop
    int_norflash.o(i.Int_NorFlash_EraseSector) refers to int_norflash.o(i.Int_NorFlash_CloseWriteEnable) for Int_NorFlash_CloseWriteEnable
    int_norflash.o(i.Int_NorFlash_GetProductID) refers to dri_spi.o(i.Dri_SPI_Start) for Dri_SPI_Start
    int_norflash.o(i.Int_NorFlash_GetProductID) refers to dri_spi.o(i.Dri_SPI_SwapByte) for Dri_SPI_SwapByte
    int_norflash.o(i.Int_NorFlash_GetProductID) refers to dri_spi.o(i.Dri_SPI_Stop) for Dri_SPI_Stop
    int_norflash.o(i.Int_NorFlash_OpenWriteEnable) refers to dri_spi.o(i.Dri_SPI_Start) for Dri_SPI_Start
    int_norflash.o(i.Int_NorFlash_OpenWriteEnable) refers to dri_spi.o(i.Dri_SPI_SwapByte) for Dri_SPI_SwapByte
    int_norflash.o(i.Int_NorFlash_OpenWriteEnable) refers to dri_spi.o(i.Dri_SPI_Stop) for Dri_SPI_Stop
    int_norflash.o(i.Int_NorFlash_ReadPageData) refers to int_norflash.o(i.Int_NorFlash_WaitNotBusy) for Int_NorFlash_WaitNotBusy
    int_norflash.o(i.Int_NorFlash_ReadPageData) refers to dri_spi.o(i.Dri_SPI_Start) for Dri_SPI_Start
    int_norflash.o(i.Int_NorFlash_ReadPageData) refers to dri_spi.o(i.Dri_SPI_SwapByte) for Dri_SPI_SwapByte
    int_norflash.o(i.Int_NorFlash_ReadPageData) refers to dri_spi.o(i.Dri_SPI_Stop) for Dri_SPI_Stop
    int_norflash.o(i.Int_NorFlash_WaitNotBusy) refers to dri_spi.o(i.Dri_SPI_Start) for Dri_SPI_Start
    int_norflash.o(i.Int_NorFlash_WaitNotBusy) refers to dri_spi.o(i.Dri_SPI_SwapByte) for Dri_SPI_SwapByte
    int_norflash.o(i.Int_NorFlash_WaitNotBusy) refers to dri_spi.o(i.Dri_SPI_Stop) for Dri_SPI_Stop
    int_norflash.o(i.Int_NorFlash_WaitNotBusy) refers to com_util.o(i.Com_Delay_ms) for Com_Delay_ms
    int_norflash.o(i.Int_NorFlash_WritePageData) refers to int_norflash.o(i.Int_NorFlash_EraseSector) for Int_NorFlash_EraseSector
    int_norflash.o(i.Int_NorFlash_WritePageData) refers to int_norflash.o(i.Int_NorFlash_WaitNotBusy) for Int_NorFlash_WaitNotBusy
    int_norflash.o(i.Int_NorFlash_WritePageData) refers to int_norflash.o(i.Int_NorFlash_OpenWriteEnable) for Int_NorFlash_OpenWriteEnable
    int_norflash.o(i.Int_NorFlash_WritePageData) refers to dri_spi.o(i.Dri_SPI_Start) for Dri_SPI_Start
    int_norflash.o(i.Int_NorFlash_WritePageData) refers to dri_spi.o(i.Dri_SPI_SwapByte) for Dri_SPI_SwapByte
    int_norflash.o(i.Int_NorFlash_WritePageData) refers to dri_spi.o(i.Dri_SPI_Stop) for Dri_SPI_Stop
    int_norflash.o(i.Int_NorFlash_WritePageData) refers to int_norflash.o(i.Int_NorFlash_CloseWriteEnable) for Int_NorFlash_CloseWriteEnable
    main.o(i.main) refers to dri_usart1.o(i.Dri_USART1_Init) for Dri_USART1_Init
    main.o(i.main) refers to printf6.o(i.__0printf$6) for __2printf
    main.o(i.main) refers to dri_rtc.o(i.Dri_RTC_Init) for Dri_RTC_Init
    main.o(i.main) refers to dri_rtc.o(i.Dri_RTC_GetTime) for Dri_RTC_GetTime
    main.o(i.main) refers to com_util.o(i.Com_Delay_ms) for Com_Delay_ms
    entry.o(.ARM.Collect$$$$00000000) refers (Special) to entry10a.o(.ARM.Collect$$$$0000000F) for __rt_final_cpp
    entry.o(.ARM.Collect$$$$00000000) refers (Special) to entry11a.o(.ARM.Collect$$$$00000011) for __rt_final_exit
    entry.o(.ARM.Collect$$$$00000000) refers (Special) to entry12b.o(.ARM.Collect$$$$0000000E) for __rt_lib_shutdown_fini
    entry.o(.ARM.Collect$$$$00000000) refers (Special) to entry7b.o(.ARM.Collect$$$$00000008) for _main_clock
    entry.o(.ARM.Collect$$$$00000000) refers (Special) to entry8b.o(.ARM.Collect$$$$0000000A) for _main_cpp_init
    entry.o(.ARM.Collect$$$$00000000) refers (Special) to entry9a.o(.ARM.Collect$$$$0000000B) for _main_init
    entry.o(.ARM.Collect$$$$00000000) refers (Special) to entry5.o(.ARM.Collect$$$$00000004) for _main_scatterload
    entry.o(.ARM.Collect$$$$00000000) refers (Special) to entry2.o(.ARM.Collect$$$$00000001) for _main_stk
    localtime.o(.text) refers to localtime.o(.bss) for .bss
    localtime.o(.text) refers to localtime.o(.constdata) for .constdata
    mktime.o(.text) refers to localtime_i.o(.text) for _localtime
    mktime.o(.text) refers to mktime.o(.constdata) for .constdata
    printfb.o(i.__0fprintf$bare) refers to printfb.o(i._printf_core) for _printf_core
    printfb.o(i.__0fprintf$bare) refers to dri_usart1.o(i.fputc) for fputc
    printfb.o(i.__0printf$bare) refers to printfb.o(i._printf_core) for _printf_core
    printfb.o(i.__0printf$bare) refers to dri_usart1.o(i.fputc) for fputc
    printfb.o(i.__0printf$bare) refers to stdout.o(.data) for __stdout
    printfb.o(i.__0snprintf$bare) refers to printfb.o(i._printf_core) for _printf_core
    printfb.o(i.__0snprintf$bare) refers to printfb.o(i._snputc) for _snputc
    printfb.o(i.__0sprintf$bare) refers to printfb.o(i._printf_core) for _printf_core
    printfb.o(i.__0sprintf$bare) refers to printfb.o(i._sputc) for _sputc
    printfb.o(i.__0vfprintf$bare) refers to printfb.o(i._printf_core) for _printf_core
    printfb.o(i.__0vfprintf$bare) refers to dri_usart1.o(i.fputc) for fputc
    printfb.o(i.__0vprintf$bare) refers to printfb.o(i._printf_core) for _printf_core
    printfb.o(i.__0vprintf$bare) refers to dri_usart1.o(i.fputc) for fputc
    printfb.o(i.__0vprintf$bare) refers to stdout.o(.data) for __stdout
    printfb.o(i.__0vsnprintf$bare) refers to printfb.o(i._printf_core) for _printf_core
    printfb.o(i.__0vsnprintf$bare) refers to printfb.o(i._snputc) for _snputc
    printfb.o(i.__0vsprintf$bare) refers to printfb.o(i._printf_core) for _printf_core
    printfb.o(i.__0vsprintf$bare) refers to printfb.o(i._sputc) for _sputc
    printf0.o(i.__0fprintf$0) refers to printf0.o(i._printf_core) for _printf_core
    printf0.o(i.__0fprintf$0) refers to dri_usart1.o(i.fputc) for fputc
    printf0.o(i.__0printf$0) refers to printf0.o(i._printf_core) for _printf_core
    printf0.o(i.__0printf$0) refers to dri_usart1.o(i.fputc) for fputc
    printf0.o(i.__0printf$0) refers to stdout.o(.data) for __stdout
    printf0.o(i.__0snprintf$0) refers to printf0.o(i._printf_core) for _printf_core
    printf0.o(i.__0snprintf$0) refers to printf0.o(i._snputc) for _snputc
    printf0.o(i.__0sprintf$0) refers to printf0.o(i._printf_core) for _printf_core
    printf0.o(i.__0sprintf$0) refers to printf0.o(i._sputc) for _sputc
    printf0.o(i.__0vfprintf$0) refers to printf0.o(i._printf_core) for _printf_core
    printf0.o(i.__0vfprintf$0) refers to dri_usart1.o(i.fputc) for fputc
    printf0.o(i.__0vprintf$0) refers to printf0.o(i._printf_core) for _printf_core
    printf0.o(i.__0vprintf$0) refers to dri_usart1.o(i.fputc) for fputc
    printf0.o(i.__0vprintf$0) refers to stdout.o(.data) for __stdout
    printf0.o(i.__0vsnprintf$0) refers to printf0.o(i._printf_core) for _printf_core
    printf0.o(i.__0vsnprintf$0) refers to printf0.o(i._snputc) for _snputc
    printf0.o(i.__0vsprintf$0) refers to printf0.o(i._printf_core) for _printf_core
    printf0.o(i.__0vsprintf$0) refers to printf0.o(i._sputc) for _sputc
    printf1.o(i.__0fprintf$1) refers to printf1.o(i._printf_core) for _printf_core
    printf1.o(i.__0fprintf$1) refers to dri_usart1.o(i.fputc) for fputc
    printf1.o(i.__0printf$1) refers to printf1.o(i._printf_core) for _printf_core
    printf1.o(i.__0printf$1) refers to dri_usart1.o(i.fputc) for fputc
    printf1.o(i.__0printf$1) refers to stdout.o(.data) for __stdout
    printf1.o(i.__0snprintf$1) refers to printf1.o(i._printf_core) for _printf_core
    printf1.o(i.__0snprintf$1) refers to printf1.o(i._snputc) for _snputc
    printf1.o(i.__0sprintf$1) refers to printf1.o(i._printf_core) for _printf_core
    printf1.o(i.__0sprintf$1) refers to printf1.o(i._sputc) for _sputc
    printf1.o(i.__0vfprintf$1) refers to printf1.o(i._printf_core) for _printf_core
    printf1.o(i.__0vfprintf$1) refers to dri_usart1.o(i.fputc) for fputc
    printf1.o(i.__0vprintf$1) refers to printf1.o(i._printf_core) for _printf_core
    printf1.o(i.__0vprintf$1) refers to dri_usart1.o(i.fputc) for fputc
    printf1.o(i.__0vprintf$1) refers to stdout.o(.data) for __stdout
    printf1.o(i.__0vsnprintf$1) refers to printf1.o(i._printf_core) for _printf_core
    printf1.o(i.__0vsnprintf$1) refers to printf1.o(i._snputc) for _snputc
    printf1.o(i.__0vsprintf$1) refers to printf1.o(i._printf_core) for _printf_core
    printf1.o(i.__0vsprintf$1) refers to printf1.o(i._sputc) for _sputc
    printf1.o(i._printf_core) refers to uidiv.o(.text) for __aeabi_uidivmod
    printf2.o(i.__0fprintf$2) refers to printf2.o(i._printf_core) for _printf_core
    printf2.o(i.__0fprintf$2) refers to dri_usart1.o(i.fputc) for fputc
    printf2.o(i.__0printf$2) refers to printf2.o(i._printf_core) for _printf_core
    printf2.o(i.__0printf$2) refers to dri_usart1.o(i.fputc) for fputc
    printf2.o(i.__0printf$2) refers to stdout.o(.data) for __stdout
    printf2.o(i.__0snprintf$2) refers to printf2.o(i._printf_core) for _printf_core
    printf2.o(i.__0snprintf$2) refers to printf2.o(i._snputc) for _snputc
    printf2.o(i.__0sprintf$2) refers to printf2.o(i._printf_core) for _printf_core
    printf2.o(i.__0sprintf$2) refers to printf2.o(i._sputc) for _sputc
    printf2.o(i.__0vfprintf$2) refers to printf2.o(i._printf_core) for _printf_core
    printf2.o(i.__0vfprintf$2) refers to dri_usart1.o(i.fputc) for fputc
    printf2.o(i.__0vprintf$2) refers to printf2.o(i._printf_core) for _printf_core
    printf2.o(i.__0vprintf$2) refers to dri_usart1.o(i.fputc) for fputc
    printf2.o(i.__0vprintf$2) refers to stdout.o(.data) for __stdout
    printf2.o(i.__0vsnprintf$2) refers to printf2.o(i._printf_core) for _printf_core
    printf2.o(i.__0vsnprintf$2) refers to printf2.o(i._snputc) for _snputc
    printf2.o(i.__0vsprintf$2) refers to printf2.o(i._printf_core) for _printf_core
    printf2.o(i.__0vsprintf$2) refers to printf2.o(i._sputc) for _sputc
    printf3.o(i.__0fprintf$3) refers to printf3.o(i._printf_core) for _printf_core
    printf3.o(i.__0fprintf$3) refers to dri_usart1.o(i.fputc) for fputc
    printf3.o(i.__0printf$3) refers to printf3.o(i._printf_core) for _printf_core
    printf3.o(i.__0printf$3) refers to dri_usart1.o(i.fputc) for fputc
    printf3.o(i.__0printf$3) refers to stdout.o(.data) for __stdout
    printf3.o(i.__0snprintf$3) refers to printf3.o(i._printf_core) for _printf_core
    printf3.o(i.__0snprintf$3) refers to printf3.o(i._snputc) for _snputc
    printf3.o(i.__0sprintf$3) refers to printf3.o(i._printf_core) for _printf_core
    printf3.o(i.__0sprintf$3) refers to printf3.o(i._sputc) for _sputc
    printf3.o(i.__0vfprintf$3) refers to printf3.o(i._printf_core) for _printf_core
    printf3.o(i.__0vfprintf$3) refers to dri_usart1.o(i.fputc) for fputc
    printf3.o(i.__0vprintf$3) refers to printf3.o(i._printf_core) for _printf_core
    printf3.o(i.__0vprintf$3) refers to dri_usart1.o(i.fputc) for fputc
    printf3.o(i.__0vprintf$3) refers to stdout.o(.data) for __stdout
    printf3.o(i.__0vsnprintf$3) refers to printf3.o(i._printf_core) for _printf_core
    printf3.o(i.__0vsnprintf$3) refers to printf3.o(i._snputc) for _snputc
    printf3.o(i.__0vsprintf$3) refers to printf3.o(i._printf_core) for _printf_core
    printf3.o(i.__0vsprintf$3) refers to printf3.o(i._sputc) for _sputc
    printf3.o(i._printf_core) refers to uidiv.o(.text) for __aeabi_uidivmod
    printf4.o(i.__0fprintf$4) refers to printf4.o(i._printf_core) for _printf_core
    printf4.o(i.__0fprintf$4) refers to dri_usart1.o(i.fputc) for fputc
    printf4.o(i.__0printf$4) refers to printf4.o(i._printf_core) for _printf_core
    printf4.o(i.__0printf$4) refers to dri_usart1.o(i.fputc) for fputc
    printf4.o(i.__0printf$4) refers to stdout.o(.data) for __stdout
    printf4.o(i.__0snprintf$4) refers to printf4.o(i._printf_core) for _printf_core
    printf4.o(i.__0snprintf$4) refers to printf4.o(i._snputc) for _snputc
    printf4.o(i.__0sprintf$4) refers to printf4.o(i._printf_core) for _printf_core
    printf4.o(i.__0sprintf$4) refers to printf4.o(i._sputc) for _sputc
    printf4.o(i.__0vfprintf$4) refers to printf4.o(i._printf_core) for _printf_core
    printf4.o(i.__0vfprintf$4) refers to dri_usart1.o(i.fputc) for fputc
    printf4.o(i.__0vprintf$4) refers to printf4.o(i._printf_core) for _printf_core
    printf4.o(i.__0vprintf$4) refers to dri_usart1.o(i.fputc) for fputc
    printf4.o(i.__0vprintf$4) refers to stdout.o(.data) for __stdout
    printf4.o(i.__0vsnprintf$4) refers to printf4.o(i._printf_core) for _printf_core
    printf4.o(i.__0vsnprintf$4) refers to printf4.o(i._snputc) for _snputc
    printf4.o(i.__0vsprintf$4) refers to printf4.o(i._printf_core) for _printf_core
    printf4.o(i.__0vsprintf$4) refers to printf4.o(i._sputc) for _sputc
    printf4.o(i._printf_core) refers to uldiv.o(.text) for __aeabi_uldivmod
    printf5.o(i.__0fprintf$5) refers to printf5.o(i._printf_core) for _printf_core
    printf5.o(i.__0fprintf$5) refers to dri_usart1.o(i.fputc) for fputc
    printf5.o(i.__0printf$5) refers to printf5.o(i._printf_core) for _printf_core
    printf5.o(i.__0printf$5) refers to dri_usart1.o(i.fputc) for fputc
    printf5.o(i.__0printf$5) refers to stdout.o(.data) for __stdout
    printf5.o(i.__0snprintf$5) refers to printf5.o(i._printf_core) for _printf_core
    printf5.o(i.__0snprintf$5) refers to printf5.o(i._snputc) for _snputc
    printf5.o(i.__0sprintf$5) refers to printf5.o(i._printf_core) for _printf_core
    printf5.o(i.__0sprintf$5) refers to printf5.o(i._sputc) for _sputc
    printf5.o(i.__0vfprintf$5) refers to printf5.o(i._printf_core) for _printf_core
    printf5.o(i.__0vfprintf$5) refers to dri_usart1.o(i.fputc) for fputc
    printf5.o(i.__0vprintf$5) refers to printf5.o(i._printf_core) for _printf_core
    printf5.o(i.__0vprintf$5) refers to dri_usart1.o(i.fputc) for fputc
    printf5.o(i.__0vprintf$5) refers to stdout.o(.data) for __stdout
    printf5.o(i.__0vsnprintf$5) refers to printf5.o(i._printf_core) for _printf_core
    printf5.o(i.__0vsnprintf$5) refers to printf5.o(i._snputc) for _snputc
    printf5.o(i.__0vsprintf$5) refers to printf5.o(i._printf_core) for _printf_core
    printf5.o(i.__0vsprintf$5) refers to printf5.o(i._sputc) for _sputc
    printf5.o(i._printf_core) refers to uldiv.o(.text) for __aeabi_uldivmod
    printf6.o(i.__0fprintf$6) refers to printf6.o(i._printf_core) for _printf_core
    printf6.o(i.__0fprintf$6) refers to dri_usart1.o(i.fputc) for fputc
    printf6.o(i.__0printf$6) refers to printf6.o(i._printf_core) for _printf_core
    printf6.o(i.__0printf$6) refers to dri_usart1.o(i.fputc) for fputc
    printf6.o(i.__0printf$6) refers to stdout.o(.data) for __stdout
    printf6.o(i.__0snprintf$6) refers to printf6.o(i._printf_core) for _printf_core
    printf6.o(i.__0snprintf$6) refers to printf6.o(i._snputc) for _snputc
    printf6.o(i.__0sprintf$6) refers to printf6.o(i._printf_core) for _printf_core
    printf6.o(i.__0sprintf$6) refers to printf6.o(i._sputc) for _sputc
    printf6.o(i.__0vfprintf$6) refers to printf6.o(i._printf_core) for _printf_core
    printf6.o(i.__0vfprintf$6) refers to dri_usart1.o(i.fputc) for fputc
    printf6.o(i.__0vprintf$6) refers to printf6.o(i._printf_core) for _printf_core
    printf6.o(i.__0vprintf$6) refers to dri_usart1.o(i.fputc) for fputc
    printf6.o(i.__0vprintf$6) refers to stdout.o(.data) for __stdout
    printf6.o(i.__0vsnprintf$6) refers to printf6.o(i._printf_core) for _printf_core
    printf6.o(i.__0vsnprintf$6) refers to printf6.o(i._snputc) for _snputc
    printf6.o(i.__0vsprintf$6) refers to printf6.o(i._printf_core) for _printf_core
    printf6.o(i.__0vsprintf$6) refers to printf6.o(i._sputc) for _sputc
    printf6.o(i._printf_core) refers to printf6.o(i._printf_pre_padding) for _printf_pre_padding
    printf6.o(i._printf_core) refers to uidiv.o(.text) for __aeabi_uidivmod
    printf6.o(i._printf_core) refers to printf6.o(i._printf_post_padding) for _printf_post_padding
    printf7.o(i.__0fprintf$7) refers to printf7.o(i._printf_core) for _printf_core
    printf7.o(i.__0fprintf$7) refers to dri_usart1.o(i.fputc) for fputc
    printf7.o(i.__0printf$7) refers to printf7.o(i._printf_core) for _printf_core
    printf7.o(i.__0printf$7) refers to dri_usart1.o(i.fputc) for fputc
    printf7.o(i.__0printf$7) refers to stdout.o(.data) for __stdout
    printf7.o(i.__0snprintf$7) refers to printf7.o(i._printf_core) for _printf_core
    printf7.o(i.__0snprintf$7) refers to printf7.o(i._snputc) for _snputc
    printf7.o(i.__0sprintf$7) refers to printf7.o(i._printf_core) for _printf_core
    printf7.o(i.__0sprintf$7) refers to printf7.o(i._sputc) for _sputc
    printf7.o(i.__0vfprintf$7) refers to printf7.o(i._printf_core) for _printf_core
    printf7.o(i.__0vfprintf$7) refers to dri_usart1.o(i.fputc) for fputc
    printf7.o(i.__0vprintf$7) refers to printf7.o(i._printf_core) for _printf_core
    printf7.o(i.__0vprintf$7) refers to dri_usart1.o(i.fputc) for fputc
    printf7.o(i.__0vprintf$7) refers to stdout.o(.data) for __stdout
    printf7.o(i.__0vsnprintf$7) refers to printf7.o(i._printf_core) for _printf_core
    printf7.o(i.__0vsnprintf$7) refers to printf7.o(i._snputc) for _snputc
    printf7.o(i.__0vsprintf$7) refers to printf7.o(i._printf_core) for _printf_core
    printf7.o(i.__0vsprintf$7) refers to printf7.o(i._sputc) for _sputc
    printf7.o(i._printf_core) refers to printf7.o(i._printf_pre_padding) for _printf_pre_padding
    printf7.o(i._printf_core) refers to uldiv.o(.text) for __aeabi_uldivmod
    printf7.o(i._printf_core) refers to printf7.o(i._printf_post_padding) for _printf_post_padding
    printf8.o(i.__0fprintf$8) refers to printf8.o(i._printf_core) for _printf_core
    printf8.o(i.__0fprintf$8) refers to dri_usart1.o(i.fputc) for fputc
    printf8.o(i.__0printf$8) refers to printf8.o(i._printf_core) for _printf_core
    printf8.o(i.__0printf$8) refers to dri_usart1.o(i.fputc) for fputc
    printf8.o(i.__0printf$8) refers to stdout.o(.data) for __stdout
    printf8.o(i.__0snprintf$8) refers to printf8.o(i._printf_core) for _printf_core
    printf8.o(i.__0snprintf$8) refers to printf8.o(i._snputc) for _snputc
    printf8.o(i.__0sprintf$8) refers to printf8.o(i._printf_core) for _printf_core
    printf8.o(i.__0sprintf$8) refers to printf8.o(i._sputc) for _sputc
    printf8.o(i.__0vfprintf$8) refers to printf8.o(i._printf_core) for _printf_core
    printf8.o(i.__0vfprintf$8) refers to dri_usart1.o(i.fputc) for fputc
    printf8.o(i.__0vprintf$8) refers to printf8.o(i._printf_core) for _printf_core
    printf8.o(i.__0vprintf$8) refers to dri_usart1.o(i.fputc) for fputc
    printf8.o(i.__0vprintf$8) refers to stdout.o(.data) for __stdout
    printf8.o(i.__0vsnprintf$8) refers to printf8.o(i._printf_core) for _printf_core
    printf8.o(i.__0vsnprintf$8) refers to printf8.o(i._snputc) for _snputc
    printf8.o(i.__0vsprintf$8) refers to printf8.o(i._printf_core) for _printf_core
    printf8.o(i.__0vsprintf$8) refers to printf8.o(i._sputc) for _sputc
    printf8.o(i._printf_core) refers to printf8.o(i._printf_pre_padding) for _printf_pre_padding
    printf8.o(i._printf_core) refers to uldiv.o(.text) for __aeabi_uldivmod
    printf8.o(i._printf_core) refers to printf8.o(i._printf_post_padding) for _printf_post_padding
    printfa.o(i.__0fprintf) refers (Special) to iusefp.o(.text) for __I$use$fp
    printfa.o(i.__0fprintf) refers to printfa.o(i._printf_core) for _printf_core
    printfa.o(i.__0fprintf) refers to dri_usart1.o(i.fputc) for fputc
    printfa.o(i.__0printf) refers (Special) to iusefp.o(.text) for __I$use$fp
    printfa.o(i.__0printf) refers to printfa.o(i._printf_core) for _printf_core
    printfa.o(i.__0printf) refers to dri_usart1.o(i.fputc) for fputc
    printfa.o(i.__0printf) refers to stdout.o(.data) for __stdout
    printfa.o(i.__0snprintf) refers (Special) to iusefp.o(.text) for __I$use$fp
    printfa.o(i.__0snprintf) refers to printfa.o(i._printf_core) for _printf_core
    printfa.o(i.__0snprintf) refers to printfa.o(i._snputc) for _snputc
    printfa.o(i.__0sprintf) refers (Special) to iusefp.o(.text) for __I$use$fp
    printfa.o(i.__0sprintf) refers to printfa.o(i._printf_core) for _printf_core
    printfa.o(i.__0sprintf) refers to printfa.o(i._sputc) for _sputc
    printfa.o(i.__0vfprintf) refers (Special) to iusefp.o(.text) for __I$use$fp
    printfa.o(i.__0vfprintf) refers to printfa.o(i._printf_core) for _printf_core
    printfa.o(i.__0vfprintf) refers to dri_usart1.o(i.fputc) for fputc
    printfa.o(i.__0vprintf) refers (Special) to iusefp.o(.text) for __I$use$fp
    printfa.o(i.__0vprintf) refers to printfa.o(i._printf_core) for _printf_core
    printfa.o(i.__0vprintf) refers to dri_usart1.o(i.fputc) for fputc
    printfa.o(i.__0vprintf) refers to stdout.o(.data) for __stdout
    printfa.o(i.__0vsnprintf) refers (Special) to iusefp.o(.text) for __I$use$fp
    printfa.o(i.__0vsnprintf) refers to printfa.o(i._printf_core) for _printf_core
    printfa.o(i.__0vsnprintf) refers to printfa.o(i._snputc) for _snputc
    printfa.o(i.__0vsprintf) refers (Special) to iusefp.o(.text) for __I$use$fp
    printfa.o(i.__0vsprintf) refers to printfa.o(i._printf_core) for _printf_core
    printfa.o(i.__0vsprintf) refers to printfa.o(i._sputc) for _sputc
    printfa.o(i._fp_digits) refers (Special) to iusefp.o(.text) for __I$use$fp
    printfa.o(i._fp_digits) refers to dmul.o(.text) for __aeabi_dmul
    printfa.o(i._fp_digits) refers to ddiv.o(.text) for __aeabi_ddiv
    printfa.o(i._fp_digits) refers to cdrcmple.o(.text) for __aeabi_cdrcmple
    printfa.o(i._fp_digits) refers to dadd.o(.text) for __aeabi_dadd
    printfa.o(i._fp_digits) refers to dfixul.o(.text) for __aeabi_d2ulz
    printfa.o(i._fp_digits) refers to uldiv.o(.text) for __aeabi_uldivmod
    printfa.o(i._printf_core) refers (Special) to iusefp.o(.text) for __I$use$fp
    printfa.o(i._printf_core) refers to printfa.o(i._printf_pre_padding) for _printf_pre_padding
    printfa.o(i._printf_core) refers to uldiv.o(.text) for __aeabi_uldivmod
    printfa.o(i._printf_core) refers to printfa.o(i._printf_post_padding) for _printf_post_padding
    printfa.o(i._printf_core) refers to printfa.o(i._fp_digits) for _fp_digits
    printfa.o(i._printf_core) refers to uidiv.o(.text) for __aeabi_uidivmod
    printfa.o(i._printf_post_padding) refers (Special) to iusefp.o(.text) for __I$use$fp
    printfa.o(i._printf_pre_padding) refers (Special) to iusefp.o(.text) for __I$use$fp
    printfa.o(i._snputc) refers (Special) to iusefp.o(.text) for __I$use$fp
    printfa.o(i._sputc) refers (Special) to iusefp.o(.text) for __I$use$fp
    dadd.o(.text) refers (Special) to iusefp.o(.text) for __I$use$fp
    dadd.o(.text) refers to llshl.o(.text) for __aeabi_llsl
    dadd.o(.text) refers to llsshr.o(.text) for __aeabi_lasr
    dadd.o(.text) refers to depilogue.o(.text) for _double_epilogue
    dmul.o(.text) refers (Special) to iusefp.o(.text) for __I$use$fp
    dmul.o(.text) refers to depilogue.o(.text) for _double_epilogue
    ddiv.o(.text) refers (Special) to iusefp.o(.text) for __I$use$fp
    ddiv.o(.text) refers to depilogue.o(.text) for _double_round
    dflti.o(.text) refers (Special) to iusefp.o(.text) for __I$use$fp
    dflti.o(.text) refers to depilogue.o(.text) for _double_epilogue
    dfltui.o(.text) refers (Special) to iusefp.o(.text) for __I$use$fp
    dfltui.o(.text) refers to depilogue.o(.text) for _double_epilogue
    entry2.o(.ARM.Collect$$$$00000001) refers to entry2.o(.ARM.Collect$$$$00002712) for __lit__00000000
    entry2.o(.ARM.Collect$$$$00002712) refers to startup_stm32f10x_hd.o(STACK) for __initial_sp
    entry2.o(__vectab_stack_and_reset_area) refers to startup_stm32f10x_hd.o(STACK) for __initial_sp
    entry2.o(__vectab_stack_and_reset_area) refers to entry.o(.ARM.Collect$$$$00000000) for __main
    entry5.o(.ARM.Collect$$$$00000004) refers to init.o(.text) for __scatterload
    entry9a.o(.ARM.Collect$$$$0000000B) refers to main.o(i.main) for main
    entry9b.o(.ARM.Collect$$$$0000000C) refers to main.o(i.main) for main
    uldiv.o(.text) refers to llushr.o(.text) for __aeabi_llsr
    uldiv.o(.text) refers to llshl.o(.text) for __aeabi_llsl
    localtime_w.o(.text) refers to localtime_i.o(.text) for _localtime
    localtime_w.o(.text) refers to localtime_w.o(.bss) for .bss
    localtime_i.o(.text) refers to localtime_i.o(.constdata) for .constdata
    depilogue.o(.text) refers to llshl.o(.text) for __aeabi_llsl
    depilogue.o(.text) refers to llushr.o(.text) for __aeabi_llsr
    dfixul.o(.text) refers to llushr.o(.text) for __aeabi_llsr
    dfixul.o(.text) refers to llshl.o(.text) for __aeabi_llsl
    init.o(.text) refers to entry5.o(.ARM.Collect$$$$00000004) for __main_after_scatterload


==============================================================================

Removing Unused input sections from the image.

    Removing core_cm3.o(.emb_text), (32 bytes).
    Removing startup_stm32f10x_hd.o(HEAP), (512 bytes).
    Removing system_stm32f10x.o(i.SystemCoreClockUpdate), (164 bytes).
    Removing system_stm32f10x.o(.data), (20 bytes).
    Removing com_util.o(i.Com_Delay_s), (26 bytes).
    Removing dri_usart1.o(i.Dri_USART1_ReceiveByte), (28 bytes).
    Removing dri_usart1.o(i.Dri_USART1_ReceiveBytes), (60 bytes).
    Removing dri_usart1.o(i.Dri_USART1_Receive_IT_Start), (28 bytes).
    Removing dri_usart1.o(i.Dri_USART1_Receive_IT_Stop), (28 bytes).
    Removing dri_usart1.o(i.Dri_USART1_TransmitBytes), (26 bytes).
    Removing dri_i2c.o(i.Dri_I2C_Init), (112 bytes).
    Removing dri_i2c.o(i.Dri_I2C_ReceiveACK), (64 bytes).
    Removing dri_i2c.o(i.Dri_I2C_ReceiveByte), (92 bytes).
    Removing dri_i2c.o(i.Dri_I2C_Start), (64 bytes).
    Removing dri_i2c.o(i.Dri_I2C_Stop), (48 bytes).
    Removing dri_i2c.o(i.Dri_I2C_TransmitACK), (76 bytes).
    Removing dri_i2c.o(i.Dri_I2C_TransmitByte), (96 bytes).
    Removing dri_i2c2.o(i.Dri_I2C2_Init), (188 bytes).
    Removing dri_i2c2.o(i.Dri_I2C2_ReceiveACK), (28 bytes).
    Removing dri_i2c2.o(i.Dri_I2C2_ReceiveByte), (28 bytes).
    Removing dri_i2c2.o(i.Dri_I2C2_Start), (36 bytes).
    Removing dri_i2c2.o(i.Dri_I2C2_Stop), (20 bytes).
    Removing dri_i2c2.o(i.Dri_I2C2_TransmitACK), (36 bytes).
    Removing dri_i2c2.o(i.Dri_I2C2_TransmitByte), (28 bytes).
    Removing dri_i2c2.o(i.Dri_I2C2_TransmitSlaveAddr), (32 bytes).
    Removing dri_systick.o(i.Dri_SysTick_Delay_ms), (20 bytes).
    Removing dri_systick.o(i.Dri_SysTick_Init), (124 bytes).
    Removing dri_tim6.o(i.Dri_TIM6_Init), (160 bytes).
    Removing dri_tim6.o(i.Dri_TIM6_Start), (20 bytes).
    Removing dri_tim6.o(i.Dri_TIM6_Stop), (20 bytes).
    Removing dri_tim5.o(i.Dri_TIM5_CH2_SetPWMDuty), (16 bytes).
    Removing dri_tim5.o(i.Dri_TIM5_Init), (180 bytes).
    Removing dri_tim5.o(i.Dri_TIM5_Start), (20 bytes).
    Removing dri_tim5.o(i.Dri_TIM5_Stop), (20 bytes).
    Removing dri_tim4.o(i.Dri_TIM4_CH1_GetPWMFreq), (28 bytes).
    Removing dri_tim4.o(i.Dri_TIM4_CH1_GetPWMPeriod), (32 bytes).
    Removing dri_tim4.o(i.Dri_TIM4_CH2_GetPWMDuty), (68 bytes).
    Removing dri_tim4.o(i.Dri_TIM4_Init), (344 bytes).
    Removing dri_tim4.o(i.Dri_TIM4_Start), (20 bytes).
    Removing dri_tim4.o(i.Dri_TIM4_Stop), (20 bytes).
    Removing dri_tim1.o(i.Dri_TIM1_Init), (344 bytes).
    Removing dri_tim1.o(i.Dri_TIM1_Start), (20 bytes).
    Removing dri_dma.o(i.Dri_DMA_Init), (208 bytes).
    Removing dri_dma.o(i.Dri_DMA_Transfer), (52 bytes).
    Removing dri_adc1.o(i.Dri_ADC1_GetValue), (12 bytes).
    Removing dri_adc1.o(i.Dri_ADC1_GetValue_Vol), (48 bytes).
    Removing dri_adc1.o(i.Dri_ADC1_Init), (348 bytes).
    Removing dri_adc1.o(i.Dri_ADC1_Init_DMA), (36 bytes).
    Removing dri_adc1.o(i.Dri_ADC1_Start), (56 bytes).
    Removing dri_spi.o(i.Dri_SPI_Init), (168 bytes).
    Removing dri_spi.o(i.Dri_SPI_Start), (20 bytes).
    Removing dri_spi.o(i.Dri_SPI_Stop), (20 bytes).
    Removing dri_spi.o(i.Dri_SPI_SwapByte), (112 bytes).
    Removing dri_lowpower.o(i.Enable_LowPower_SleepMode), (4 bytes).
    Removing dri_lowpower.o(i.Enable_LowPower_StandbyMode), (64 bytes).
    Removing dri_lowpower.o(i.Enable_LowPower_StopMode), (64 bytes).
    Removing dri_rtc.o(i.Dri_RTC_SetAlarm), (76 bytes).
    Removing dri_rtc.o(i.Dri_RTC_SetTime), (132 bytes).
    Removing int_led.o(i.Int_LED_Init), (84 bytes).
    Removing int_led.o(i.Int_LED_Off), (16 bytes).
    Removing int_led.o(i.Int_LED_OffAll), (28 bytes).
    Removing int_led.o(i.Int_LED_On), (16 bytes).
    Removing int_led.o(i.Int_LED_OnAll), (28 bytes).
    Removing int_led.o(i.Int_LED_Toggle), (32 bytes).
    Removing int_key.o(i.Int_Key_Init), (420 bytes).
    Removing int_key.o(i.NVIC_EnableIRQ), (22 bytes).
    Removing int_key.o(i.NVIC_SetPriority), (40 bytes).
    Removing int_eeprom.o(i.Int_EEPROM_ReadData), (94 bytes).
    Removing int_eeprom.o(i.Int_EEPROM_WriteData), (70 bytes).
    Removing int_eeprom.o(i.Int_EEPROM_WriteIntoPage), (70 bytes).
    Removing int_norflash.o(i.Int_NorFlash_CloseWriteEnable), (18 bytes).
    Removing int_norflash.o(i.Int_NorFlash_EraseSector), (54 bytes).
    Removing int_norflash.o(i.Int_NorFlash_GetProductID), (52 bytes).
    Removing int_norflash.o(i.Int_NorFlash_OpenWriteEnable), (18 bytes).
    Removing int_norflash.o(i.Int_NorFlash_ReadPageData), (84 bytes).
    Removing int_norflash.o(i.Int_NorFlash_WaitNotBusy), (42 bytes).
    Removing int_norflash.o(i.Int_NorFlash_WritePageData), (96 bytes).
    Removing dadd.o(.text), (334 bytes).
    Removing dmul.o(.text), (228 bytes).
    Removing ddiv.o(.text), (222 bytes).
    Removing dflti.o(.text), (34 bytes).
    Removing dfltui.o(.text), (26 bytes).
    Removing depilogue.o(.text), (186 bytes).
    Removing dfixul.o(.text), (48 bytes).
    Removing cdrcmple.o(.text), (48 bytes).

85 unused section(s) (total 7158 bytes) removed from the image.

==============================================================================

Image Symbol Table

    Local Symbols

    Symbol Name                              Value     Ov Type        Size  Object(Section)

    ../clib/microlib/division.c              0x00000000   Number         0  uldiv.o ABSOLUTE
    ../clib/microlib/division.c              0x00000000   Number         0  uidiv.o ABSOLUTE
    ../clib/microlib/init/entry.s            0x00000000   Number         0  entry11a.o ABSOLUTE
    ../clib/microlib/init/entry.s            0x00000000   Number         0  entry2.o ABSOLUTE
    ../clib/microlib/init/entry.s            0x00000000   Number         0  entry9b.o ABSOLUTE
    ../clib/microlib/init/entry.s            0x00000000   Number         0  entry12b.o ABSOLUTE
    ../clib/microlib/init/entry.s            0x00000000   Number         0  entry9a.o ABSOLUTE
    ../clib/microlib/init/entry.s            0x00000000   Number         0  entry8b.o ABSOLUTE
    ../clib/microlib/init/entry.s            0x00000000   Number         0  entry8a.o ABSOLUTE
    ../clib/microlib/init/entry.s            0x00000000   Number         0  entry12a.o ABSOLUTE
    ../clib/microlib/init/entry.s            0x00000000   Number         0  entry11b.o ABSOLUTE
    ../clib/microlib/init/entry.s            0x00000000   Number         0  entry7b.o ABSOLUTE
    ../clib/microlib/init/entry.s            0x00000000   Number         0  entry7a.o ABSOLUTE
    ../clib/microlib/init/entry.s            0x00000000   Number         0  entry10b.o ABSOLUTE
    ../clib/microlib/init/entry.s            0x00000000   Number         0  entry5.o ABSOLUTE
    ../clib/microlib/init/entry.s            0x00000000   Number         0  entry.o ABSOLUTE
    ../clib/microlib/init/entry.s            0x00000000   Number         0  entry10a.o ABSOLUTE
    ../clib/microlib/longlong.c              0x00000000   Number         0  llushr.o ABSOLUTE
    ../clib/microlib/longlong.c              0x00000000   Number         0  llsshr.o ABSOLUTE
    ../clib/microlib/longlong.c              0x00000000   Number         0  llshl.o ABSOLUTE
    ../clib/microlib/printf/printf.c         0x00000000   Number         0  printf6.o ABSOLUTE
    ../clib/microlib/printf/printf.c         0x00000000   Number         0  printf7.o ABSOLUTE
    ../clib/microlib/printf/printf.c         0x00000000   Number         0  printf8.o ABSOLUTE
    ../clib/microlib/printf/printf.c         0x00000000   Number         0  printfa.o ABSOLUTE
    ../clib/microlib/printf/printf.c         0x00000000   Number         0  printf0.o ABSOLUTE
    ../clib/microlib/printf/printf.c         0x00000000   Number         0  printfb.o ABSOLUTE
    ../clib/microlib/printf/printf.c         0x00000000   Number         0  printf2.o ABSOLUTE
    ../clib/microlib/printf/printf.c         0x00000000   Number         0  printf3.o ABSOLUTE
    ../clib/microlib/printf/printf.c         0x00000000   Number         0  printf1.o ABSOLUTE
    ../clib/microlib/printf/printf.c         0x00000000   Number         0  printf4.o ABSOLUTE
    ../clib/microlib/printf/printf.c         0x00000000   Number         0  printf5.o ABSOLUTE
    ../clib/microlib/printf/stubs.s          0x00000000   Number         0  stubs.o ABSOLUTE
    ../clib/microlib/stdio/streams.c         0x00000000   Number         0  stdout.o ABSOLUTE
    ../clib/microlib/stubs.s                 0x00000000   Number         0  iusefp.o ABSOLUTE
    ../clib/microlib/time/localtime.c        0x00000000   Number         0  localtime.o ABSOLUTE
    ../clib/microlib/time/localtime.c        0x00000000   Number         0  localtime_i.o ABSOLUTE
    ../clib/microlib/time/localtime.c        0x00000000   Number         0  localtime_w.o ABSOLUTE
    ../clib/microlib/time/mktime.c           0x00000000   Number         0  mktime.o ABSOLUTE
    ../fplib/microlib/fpadd.c                0x00000000   Number         0  dadd.o ABSOLUTE
    ../fplib/microlib/fpdiv.c                0x00000000   Number         0  ddiv.o ABSOLUTE
    ../fplib/microlib/fpepilogue.c           0x00000000   Number         0  depilogue.o ABSOLUTE
    ../fplib/microlib/fpfix.c                0x00000000   Number         0  dfixul.o ABSOLUTE
    ../fplib/microlib/fpflt.c                0x00000000   Number         0  dflti.o ABSOLUTE
    ../fplib/microlib/fpflt.c                0x00000000   Number         0  dfltui.o ABSOLUTE
    ../fplib/microlib/fpmul.c                0x00000000   Number         0  dmul.o ABSOLUTE
    Start\\core_cm3.c                        0x00000000   Number         0  core_cm3.o ABSOLUTE
    Start\core_cm3.c                         0x00000000   Number         0  core_cm3.o ABSOLUTE
    Start\startup_stm32f10x_hd.s             0x00000000   Number         0  startup_stm32f10x_hd.o ABSOLUTE
    Start\system_stm32f10x.c                 0x00000000   Number         0  system_stm32f10x.o ABSOLUTE
    User\Com\Com_Util.c                      0x00000000   Number         0  com_util.o ABSOLUTE
    User\Dri\Dri_ADC1.c                      0x00000000   Number         0  dri_adc1.o ABSOLUTE
    User\Dri\Dri_DMA.c                       0x00000000   Number         0  dri_dma.o ABSOLUTE
    User\Dri\Dri_I2C.c                       0x00000000   Number         0  dri_i2c.o ABSOLUTE
    User\Dri\Dri_I2C2.c                      0x00000000   Number         0  dri_i2c2.o ABSOLUTE
    User\Dri\Dri_LowPower.c                  0x00000000   Number         0  dri_lowpower.o ABSOLUTE
    User\Dri\Dri_RTC.c                       0x00000000   Number         0  dri_rtc.o ABSOLUTE
    User\Dri\Dri_SPI.c                       0x00000000   Number         0  dri_spi.o ABSOLUTE
    User\Dri\Dri_SysTick.c                   0x00000000   Number         0  dri_systick.o ABSOLUTE
    User\Dri\Dri_TIM1.c                      0x00000000   Number         0  dri_tim1.o ABSOLUTE
    User\Dri\Dri_TIM4.c                      0x00000000   Number         0  dri_tim4.o ABSOLUTE
    User\Dri\Dri_TIM5.c                      0x00000000   Number         0  dri_tim5.o ABSOLUTE
    User\Dri\Dri_TIM6.c                      0x00000000   Number         0  dri_tim6.o ABSOLUTE
    User\Dri\Dri_USART1.c                    0x00000000   Number         0  dri_usart1.o ABSOLUTE
    User\Int\Int_EEPROM.c                    0x00000000   Number         0  int_eeprom.o ABSOLUTE
    User\Int\Int_Key.c                       0x00000000   Number         0  int_key.o ABSOLUTE
    User\Int\Int_LED.c                       0x00000000   Number         0  int_led.o ABSOLUTE
    User\Int\Int_NorFlash.c                  0x00000000   Number         0  int_norflash.o ABSOLUTE
    User\main.c                              0x00000000   Number         0  main.o ABSOLUTE
    cdrcmple.s                               0x00000000   Number         0  cdrcmple.o ABSOLUTE
    dc.s                                     0x00000000   Number         0  dc.o ABSOLUTE
    handlers.s                               0x00000000   Number         0  handlers.o ABSOLUTE
    init.s                                   0x00000000   Number         0  init.o ABSOLUTE
    RESET                                    0x08000000   Section      304  startup_stm32f10x_hd.o(RESET)
    .ARM.Collect$$$$00000000                 0x08000130   Section        0  entry.o(.ARM.Collect$$$$00000000)
    .ARM.Collect$$$$00000001                 0x08000130   Section        4  entry2.o(.ARM.Collect$$$$00000001)
    .ARM.Collect$$$$00000004                 0x08000134   Section        4  entry5.o(.ARM.Collect$$$$00000004)
    .ARM.Collect$$$$00000008                 0x08000138   Section        0  entry7b.o(.ARM.Collect$$$$00000008)
    .ARM.Collect$$$$0000000A                 0x08000138   Section        0  entry8b.o(.ARM.Collect$$$$0000000A)
    .ARM.Collect$$$$0000000B                 0x08000138   Section        8  entry9a.o(.ARM.Collect$$$$0000000B)
    .ARM.Collect$$$$0000000E                 0x08000140   Section        4  entry12b.o(.ARM.Collect$$$$0000000E)
    .ARM.Collect$$$$0000000F                 0x08000144   Section        0  entry10a.o(.ARM.Collect$$$$0000000F)
    .ARM.Collect$$$$00000011                 0x08000144   Section        0  entry11a.o(.ARM.Collect$$$$00000011)
    .ARM.Collect$$$$00002712                 0x08000144   Section        4  entry2.o(.ARM.Collect$$$$00002712)
    __lit__00000000                          0x08000144   Data           4  entry2.o(.ARM.Collect$$$$00002712)
    .text                                    0x08000148   Section       36  startup_stm32f10x_hd.o(.text)
    .text                                    0x0800016c   Section        0  uidiv.o(.text)
    .text                                    0x08000198   Section        0  localtime_w.o(.text)
    .text                                    0x080001a4   Section        0  localtime_i.o(.text)
    .text                                    0x08000230   Section       36  init.o(.text)
    i.Com_Delay_ms                           0x08000254   Section        0  com_util.o(i.Com_Delay_ms)
    i.Com_Delay_us                           0x0800026e   Section        0  com_util.o(i.Com_Delay_us)
    i.DMA1_Channel5_IRQHandler               0x080002b0   Section        0  dri_dma.o(i.DMA1_Channel5_IRQHandler)
    i.Dri_DMA_TC_Callback                    0x080002c8   Section        0  dri_dma.o(i.Dri_DMA_TC_Callback)
    i.Dri_RTC_GetTime                        0x080002cc   Section        0  dri_rtc.o(i.Dri_RTC_GetTime)
    i.Dri_RTC_Init                           0x08000334   Section        0  dri_rtc.o(i.Dri_RTC_Init)
    i.Dri_SysTick_Callback                   0x080003e0   Section        0  dri_systick.o(i.Dri_SysTick_Callback)
    i.Dri_TIM1_Stop                          0x080003e4   Section        0  dri_tim1.o(i.Dri_TIM1_Stop)
    i.Dri_TIM6_UpdateCallback                0x080003f8   Section        0  dri_tim6.o(i.Dri_TIM6_UpdateCallback)
    i.Dri_USART1_Init                        0x080003fc   Section        0  dri_usart1.o(i.Dri_USART1_Init)
    i.Dri_USART1_ReceiveCallback             0x08000510   Section        0  dri_usart1.o(i.Dri_USART1_ReceiveCallback)
    i.Dri_USART1_TransmitByte                0x08000514   Section        0  dri_usart1.o(i.Dri_USART1_TransmitByte)
    Dri_USART1_TransmitByte                  0x08000515   Thumb Code    22  dri_usart1.o(i.Dri_USART1_TransmitByte)
    i.EXTI15_10_IRQHandler                   0x08000530   Section        0  int_key.o(i.EXTI15_10_IRQHandler)
    i.EXTI9_5_IRQHandler                     0x08000590   Section        0  int_key.o(i.EXTI9_5_IRQHandler)
    i.Int_Key_SW3Callback                    0x080005f0   Section        0  int_key.o(i.Int_Key_SW3Callback)
    i.Int_Key_SW4Callback                    0x080005f2   Section        0  int_key.o(i.Int_Key_SW4Callback)
    i.Int_Key_SW5Callback                    0x080005f4   Section        0  int_key.o(i.Int_Key_SW5Callback)
    i.Int_Key_SW6Callback                    0x080005f6   Section        0  int_key.o(i.Int_Key_SW6Callback)
    i.SetSysClock                            0x080005f8   Section        0  system_stm32f10x.o(i.SetSysClock)
    SetSysClock                              0x080005f9   Thumb Code     8  system_stm32f10x.o(i.SetSysClock)
    i.SetSysClockTo72                        0x08000600   Section        0  system_stm32f10x.o(i.SetSysClockTo72)
    SetSysClockTo72                          0x08000601   Thumb Code   214  system_stm32f10x.o(i.SetSysClockTo72)
    i.SysTick_Handler                        0x080006e0   Section        0  dri_systick.o(i.SysTick_Handler)
    i.SystemInit                             0x080006fc   Section        0  system_stm32f10x.o(i.SystemInit)
    i.TIM1_UP_IRQHandler                     0x0800075c   Section        0  dri_tim1.o(i.TIM1_UP_IRQHandler)
    i.TIM6_IRQHandler                        0x08000794   Section        0  dri_tim6.o(i.TIM6_IRQHandler)
    i.USART1_IRQHandler                      0x080007ac   Section        0  dri_usart1.o(i.USART1_IRQHandler)
    i.__0printf$6                            0x08000800   Section        0  printf6.o(i.__0printf$6)
    i.__scatterload_copy                     0x08000820   Section       14  handlers.o(i.__scatterload_copy)
    i.__scatterload_null                     0x0800082e   Section        2  handlers.o(i.__scatterload_null)
    i.__scatterload_zeroinit                 0x08000830   Section       14  handlers.o(i.__scatterload_zeroinit)
    i._printf_core                           0x08000840   Section        0  printf6.o(i._printf_core)
    _printf_core                             0x08000841   Thumb Code   748  printf6.o(i._printf_core)
    i._printf_post_padding                   0x08000b30   Section        0  printf6.o(i._printf_post_padding)
    _printf_post_padding                     0x08000b31   Thumb Code    36  printf6.o(i._printf_post_padding)
    i._printf_pre_padding                    0x08000b54   Section        0  printf6.o(i._printf_pre_padding)
    _printf_pre_padding                      0x08000b55   Thumb Code    46  printf6.o(i._printf_pre_padding)
    i.fputc                                  0x08000b82   Section        0  dri_usart1.o(i.fputc)
    i.main                                   0x08000b94   Section        0  main.o(i.main)
    .constdata                               0x08000c30   Section       12  localtime_i.o(.constdata)
    monlen                                   0x08000c30   Data          12  localtime_i.o(.constdata)
    .data                                    0x20000000   Section        2  dri_usart1.o(.data)
    s_rx_len                                 0x20000000   Data           2  dri_usart1.o(.data)
    .data                                    0x20000002   Section        2  dri_systick.o(.data)
    s_delay_ms                               0x20000002   Data           2  dri_systick.o(.data)
    .data                                    0x20000004   Section        4  stdout.o(.data)
    .bss                                     0x20000008   Section      128  dri_usart1.o(.bss)
    s_rx_bytes                               0x20000008   Data         128  dri_usart1.o(.bss)
    .bss                                     0x20000088   Section       44  localtime_w.o(.bss)
    _tms                                     0x20000088   Data          44  localtime_w.o(.bss)
    STACK                                    0x200000b8   Section     1024  startup_stm32f10x_hd.o(STACK)

    Global Symbols

    Symbol Name                              Value     Ov Type        Size  Object(Section)

    BuildAttributes$$THM_ISAv4$P$D$K$B$S$PE$A:L22UL41UL21$X:L11$S22US41US21$IEEE1$IW$USESV6$~STKCKD$USESV7$~SHL$OSPACE$ROPI$EBA8$MICROLIB$REQ8$PRES8$EABIv2 0x00000000   Number         0  anon$$obj.o ABSOLUTE
    __ARM_use_no_argv                        0x00000000   Number         0  main.o ABSOLUTE
    _printf_a                                0x00000000   Number         0  stubs.o ABSOLUTE
    _printf_c                                0x00000000   Number         0  stubs.o ABSOLUTE
    _printf_charcount                        0x00000000   Number         0  stubs.o ABSOLUTE
    _printf_d                                0x00000000   Number         0  stubs.o ABSOLUTE
    _printf_e                                0x00000000   Number         0  stubs.o ABSOLUTE
    _printf_f                                0x00000000   Number         0  stubs.o ABSOLUTE
    _printf_flags                            0x00000000   Number         0  stubs.o ABSOLUTE
    _printf_fp_dec                           0x00000000   Number         0  stubs.o ABSOLUTE
    _printf_fp_hex                           0x00000000   Number         0  stubs.o ABSOLUTE
    _printf_g                                0x00000000   Number         0  stubs.o ABSOLUTE
    _printf_i                                0x00000000   Number         0  stubs.o ABSOLUTE
    _printf_int_dec                          0x00000000   Number         0  stubs.o ABSOLUTE
    _printf_l                                0x00000000   Number         0  stubs.o ABSOLUTE
    _printf_lc                               0x00000000   Number         0  stubs.o ABSOLUTE
    _printf_ll                               0x00000000   Number         0  stubs.o ABSOLUTE
    _printf_lld                              0x00000000   Number         0  stubs.o ABSOLUTE
    _printf_lli                              0x00000000   Number         0  stubs.o ABSOLUTE
    _printf_llo                              0x00000000   Number         0  stubs.o ABSOLUTE
    _printf_llu                              0x00000000   Number         0  stubs.o ABSOLUTE
    _printf_llx                              0x00000000   Number         0  stubs.o ABSOLUTE
    _printf_longlong_dec                     0x00000000   Number         0  stubs.o ABSOLUTE
    _printf_longlong_hex                     0x00000000   Number         0  stubs.o ABSOLUTE
    _printf_longlong_oct                     0x00000000   Number         0  stubs.o ABSOLUTE
    _printf_ls                               0x00000000   Number         0  stubs.o ABSOLUTE
    _printf_mbtowc                           0x00000000   Number         0  stubs.o ABSOLUTE
    _printf_n                                0x00000000   Number         0  stubs.o ABSOLUTE
    _printf_o                                0x00000000   Number         0  stubs.o ABSOLUTE
    _printf_p                                0x00000000   Number         0  stubs.o ABSOLUTE
    _printf_percent                          0x00000000   Number         0  stubs.o ABSOLUTE
    _printf_pre_padding                      0x00000000   Number         0  stubs.o ABSOLUTE
    _printf_return_value                     0x00000000   Number         0  stubs.o ABSOLUTE
    _printf_s                                0x00000000   Number         0  stubs.o ABSOLUTE
    _printf_sizespec                         0x00000000   Number         0  stubs.o ABSOLUTE
    _printf_str                              0x00000000   Number         0  stubs.o ABSOLUTE
    _printf_truncate_signed                  0x00000000   Number         0  stubs.o ABSOLUTE
    _printf_truncate_unsigned                0x00000000   Number         0  stubs.o ABSOLUTE
    _printf_u                                0x00000000   Number         0  stubs.o ABSOLUTE
    _printf_wc                               0x00000000   Number         0  stubs.o ABSOLUTE
    _printf_wctomb                           0x00000000   Number         0  stubs.o ABSOLUTE
    _printf_widthprec                        0x00000000   Number         0  stubs.o ABSOLUTE
    _printf_x                                0x00000000   Number         0  stubs.o ABSOLUTE
    __arm_fini_                               - Undefined Weak Reference
    __cpp_initialize__aeabi_                  - Undefined Weak Reference
    __cxa_finalize                            - Undefined Weak Reference
    __decompress                              - Undefined Weak Reference
    _clock_init                               - Undefined Weak Reference
    _microlib_exit                            - Undefined Weak Reference
    __Vectors_Size                           0x00000130   Number         0  startup_stm32f10x_hd.o ABSOLUTE
    __Vectors                                0x08000000   Data           4  startup_stm32f10x_hd.o(RESET)
    __Vectors_End                            0x08000130   Data           0  startup_stm32f10x_hd.o(RESET)
    __main                                   0x08000131   Thumb Code     0  entry.o(.ARM.Collect$$$$00000000)
    _main_stk                                0x08000131   Thumb Code     0  entry2.o(.ARM.Collect$$$$00000001)
    _main_scatterload                        0x08000135   Thumb Code     0  entry5.o(.ARM.Collect$$$$00000004)
    __main_after_scatterload                 0x08000139   Thumb Code     0  entry5.o(.ARM.Collect$$$$00000004)
    _main_clock                              0x08000139   Thumb Code     0  entry7b.o(.ARM.Collect$$$$00000008)
    _main_cpp_init                           0x08000139   Thumb Code     0  entry8b.o(.ARM.Collect$$$$0000000A)
    _main_init                               0x08000139   Thumb Code     0  entry9a.o(.ARM.Collect$$$$0000000B)
    __rt_lib_shutdown_fini                   0x08000141   Thumb Code     0  entry12b.o(.ARM.Collect$$$$0000000E)
    __rt_final_cpp                           0x08000145   Thumb Code     0  entry10a.o(.ARM.Collect$$$$0000000F)
    __rt_final_exit                          0x08000145   Thumb Code     0  entry11a.o(.ARM.Collect$$$$00000011)
    Reset_Handler                            0x08000149   Thumb Code     8  startup_stm32f10x_hd.o(.text)
    NMI_Handler                              0x08000151   Thumb Code     2  startup_stm32f10x_hd.o(.text)
    HardFault_Handler                        0x08000153   Thumb Code     2  startup_stm32f10x_hd.o(.text)
    MemManage_Handler                        0x08000155   Thumb Code     2  startup_stm32f10x_hd.o(.text)
    BusFault_Handler                         0x08000157   Thumb Code     2  startup_stm32f10x_hd.o(.text)
    UsageFault_Handler                       0x08000159   Thumb Code     2  startup_stm32f10x_hd.o(.text)
    SVC_Handler                              0x0800015b   Thumb Code     2  startup_stm32f10x_hd.o(.text)
    DebugMon_Handler                         0x0800015d   Thumb Code     2  startup_stm32f10x_hd.o(.text)
    PendSV_Handler                           0x0800015f   Thumb Code     2  startup_stm32f10x_hd.o(.text)
    ADC1_2_IRQHandler                        0x08000163   Thumb Code     0  startup_stm32f10x_hd.o(.text)
    ADC3_IRQHandler                          0x08000163   Thumb Code     0  startup_stm32f10x_hd.o(.text)
    CAN1_RX1_IRQHandler                      0x08000163   Thumb Code     0  startup_stm32f10x_hd.o(.text)
    CAN1_SCE_IRQHandler                      0x08000163   Thumb Code     0  startup_stm32f10x_hd.o(.text)
    DMA1_Channel1_IRQHandler                 0x08000163   Thumb Code     0  startup_stm32f10x_hd.o(.text)
    DMA1_Channel2_IRQHandler                 0x08000163   Thumb Code     0  startup_stm32f10x_hd.o(.text)
    DMA1_Channel3_IRQHandler                 0x08000163   Thumb Code     0  startup_stm32f10x_hd.o(.text)
    DMA1_Channel4_IRQHandler                 0x08000163   Thumb Code     0  startup_stm32f10x_hd.o(.text)
    DMA1_Channel6_IRQHandler                 0x08000163   Thumb Code     0  startup_stm32f10x_hd.o(.text)
    DMA1_Channel7_IRQHandler                 0x08000163   Thumb Code     0  startup_stm32f10x_hd.o(.text)
    DMA2_Channel1_IRQHandler                 0x08000163   Thumb Code     0  startup_stm32f10x_hd.o(.text)
    DMA2_Channel2_IRQHandler                 0x08000163   Thumb Code     0  startup_stm32f10x_hd.o(.text)
    DMA2_Channel3_IRQHandler                 0x08000163   Thumb Code     0  startup_stm32f10x_hd.o(.text)
    DMA2_Channel4_5_IRQHandler               0x08000163   Thumb Code     0  startup_stm32f10x_hd.o(.text)
    EXTI0_IRQHandler                         0x08000163   Thumb Code     0  startup_stm32f10x_hd.o(.text)
    EXTI1_IRQHandler                         0x08000163   Thumb Code     0  startup_stm32f10x_hd.o(.text)
    EXTI2_IRQHandler                         0x08000163   Thumb Code     0  startup_stm32f10x_hd.o(.text)
    EXTI3_IRQHandler                         0x08000163   Thumb Code     0  startup_stm32f10x_hd.o(.text)
    EXTI4_IRQHandler                         0x08000163   Thumb Code     0  startup_stm32f10x_hd.o(.text)
    FLASH_IRQHandler                         0x08000163   Thumb Code     0  startup_stm32f10x_hd.o(.text)
    FSMC_IRQHandler                          0x08000163   Thumb Code     0  startup_stm32f10x_hd.o(.text)
    I2C1_ER_IRQHandler                       0x08000163   Thumb Code     0  startup_stm32f10x_hd.o(.text)
    I2C1_EV_IRQHandler                       0x08000163   Thumb Code     0  startup_stm32f10x_hd.o(.text)
    I2C2_ER_IRQHandler                       0x08000163   Thumb Code     0  startup_stm32f10x_hd.o(.text)
    I2C2_EV_IRQHandler                       0x08000163   Thumb Code     0  startup_stm32f10x_hd.o(.text)
    PVD_IRQHandler                           0x08000163   Thumb Code     0  startup_stm32f10x_hd.o(.text)
    RCC_IRQHandler                           0x08000163   Thumb Code     0  startup_stm32f10x_hd.o(.text)
    RTCAlarm_IRQHandler                      0x08000163   Thumb Code     0  startup_stm32f10x_hd.o(.text)
    RTC_IRQHandler                           0x08000163   Thumb Code     0  startup_stm32f10x_hd.o(.text)
    SDIO_IRQHandler                          0x08000163   Thumb Code     0  startup_stm32f10x_hd.o(.text)
    SPI1_IRQHandler                          0x08000163   Thumb Code     0  startup_stm32f10x_hd.o(.text)
    SPI2_IRQHandler                          0x08000163   Thumb Code     0  startup_stm32f10x_hd.o(.text)
    SPI3_IRQHandler                          0x08000163   Thumb Code     0  startup_stm32f10x_hd.o(.text)
    TAMPER_IRQHandler                        0x08000163   Thumb Code     0  startup_stm32f10x_hd.o(.text)
    TIM1_BRK_IRQHandler                      0x08000163   Thumb Code     0  startup_stm32f10x_hd.o(.text)
    TIM1_CC_IRQHandler                       0x08000163   Thumb Code     0  startup_stm32f10x_hd.o(.text)
    TIM1_TRG_COM_IRQHandler                  0x08000163   Thumb Code     0  startup_stm32f10x_hd.o(.text)
    TIM2_IRQHandler                          0x08000163   Thumb Code     0  startup_stm32f10x_hd.o(.text)
    TIM3_IRQHandler                          0x08000163   Thumb Code     0  startup_stm32f10x_hd.o(.text)
    TIM4_IRQHandler                          0x08000163   Thumb Code     0  startup_stm32f10x_hd.o(.text)
    TIM5_IRQHandler                          0x08000163   Thumb Code     0  startup_stm32f10x_hd.o(.text)
    TIM7_IRQHandler                          0x08000163   Thumb Code     0  startup_stm32f10x_hd.o(.text)
    TIM8_BRK_IRQHandler                      0x08000163   Thumb Code     0  startup_stm32f10x_hd.o(.text)
    TIM8_CC_IRQHandler                       0x08000163   Thumb Code     0  startup_stm32f10x_hd.o(.text)
    TIM8_TRG_COM_IRQHandler                  0x08000163   Thumb Code     0  startup_stm32f10x_hd.o(.text)
    TIM8_UP_IRQHandler                       0x08000163   Thumb Code     0  startup_stm32f10x_hd.o(.text)
    UART4_IRQHandler                         0x08000163   Thumb Code     0  startup_stm32f10x_hd.o(.text)
    UART5_IRQHandler                         0x08000163   Thumb Code     0  startup_stm32f10x_hd.o(.text)
    USART2_IRQHandler                        0x08000163   Thumb Code     0  startup_stm32f10x_hd.o(.text)
    USART3_IRQHandler                        0x08000163   Thumb Code     0  startup_stm32f10x_hd.o(.text)
    USBWakeUp_IRQHandler                     0x08000163   Thumb Code     0  startup_stm32f10x_hd.o(.text)
    USB_HP_CAN1_TX_IRQHandler                0x08000163   Thumb Code     0  startup_stm32f10x_hd.o(.text)
    USB_LP_CAN1_RX0_IRQHandler               0x08000163   Thumb Code     0  startup_stm32f10x_hd.o(.text)
    WWDG_IRQHandler                          0x08000163   Thumb Code     0  startup_stm32f10x_hd.o(.text)
    __aeabi_uidiv                            0x0800016d   Thumb Code     0  uidiv.o(.text)
    __aeabi_uidivmod                         0x0800016d   Thumb Code    44  uidiv.o(.text)
    localtime                                0x08000199   Thumb Code     6  localtime_w.o(.text)
    _localtime                               0x080001a5   Thumb Code   134  localtime_i.o(.text)
    __scatterload                            0x08000231   Thumb Code    28  init.o(.text)
    __scatterload_rt2                        0x08000231   Thumb Code     0  init.o(.text)
    Com_Delay_ms                             0x08000255   Thumb Code    26  com_util.o(i.Com_Delay_ms)
    Com_Delay_us                             0x0800026f   Thumb Code    66  com_util.o(i.Com_Delay_us)
    DMA1_Channel5_IRQHandler                 0x080002b1   Thumb Code    20  dri_dma.o(i.DMA1_Channel5_IRQHandler)
    Dri_DMA_TC_Callback                      0x080002c9   Thumb Code     2  dri_dma.o(i.Dri_DMA_TC_Callback)
    Dri_RTC_GetTime                          0x080002cd   Thumb Code   100  dri_rtc.o(i.Dri_RTC_GetTime)
    Dri_RTC_Init                             0x08000335   Thumb Code   160  dri_rtc.o(i.Dri_RTC_Init)
    Dri_SysTick_Callback                     0x080003e1   Thumb Code     2  dri_systick.o(i.Dri_SysTick_Callback)
    Dri_TIM1_Stop                            0x080003e5   Thumb Code    14  dri_tim1.o(i.Dri_TIM1_Stop)
    Dri_TIM6_UpdateCallback                  0x080003f9   Thumb Code     2  dri_tim6.o(i.Dri_TIM6_UpdateCallback)
    Dri_USART1_Init                          0x080003fd   Thumb Code   250  dri_usart1.o(i.Dri_USART1_Init)
    Dri_USART1_ReceiveCallback               0x08000511   Thumb Code     2  dri_usart1.o(i.Dri_USART1_ReceiveCallback)
    EXTI15_10_IRQHandler                     0x08000531   Thumb Code    88  int_key.o(i.EXTI15_10_IRQHandler)
    EXTI9_5_IRQHandler                       0x08000591   Thumb Code    88  int_key.o(i.EXTI9_5_IRQHandler)
    Int_Key_SW3Callback                      0x080005f1   Thumb Code     2  int_key.o(i.Int_Key_SW3Callback)
    Int_Key_SW4Callback                      0x080005f3   Thumb Code     2  int_key.o(i.Int_Key_SW4Callback)
    Int_Key_SW5Callback                      0x080005f5   Thumb Code     2  int_key.o(i.Int_Key_SW5Callback)
    Int_Key_SW6Callback                      0x080005f7   Thumb Code     2  int_key.o(i.Int_Key_SW6Callback)
    SysTick_Handler                          0x080006e1   Thumb Code    24  dri_systick.o(i.SysTick_Handler)
    SystemInit                               0x080006fd   Thumb Code    78  system_stm32f10x.o(i.SystemInit)
    TIM1_UP_IRQHandler                       0x0800075d   Thumb Code    26  dri_tim1.o(i.TIM1_UP_IRQHandler)
    TIM6_IRQHandler                          0x08000795   Thumb Code    20  dri_tim6.o(i.TIM6_IRQHandler)
    USART1_IRQHandler                        0x080007ad   Thumb Code    72  dri_usart1.o(i.USART1_IRQHandler)
    __0printf$6                              0x08000801   Thumb Code    22  printf6.o(i.__0printf$6)
    __1printf$6                              0x08000801   Thumb Code     0  printf6.o(i.__0printf$6)
    __2printf                                0x08000801   Thumb Code     0  printf6.o(i.__0printf$6)
    __scatterload_copy                       0x08000821   Thumb Code    14  handlers.o(i.__scatterload_copy)
    __scatterload_null                       0x0800082f   Thumb Code     2  handlers.o(i.__scatterload_null)
    __scatterload_zeroinit                   0x08000831   Thumb Code    14  handlers.o(i.__scatterload_zeroinit)
    fputc                                    0x08000b83   Thumb Code    16  dri_usart1.o(i.fputc)
    main                                     0x08000b95   Thumb Code    72  main.o(i.main)
    Region$$Table$$Base                      0x08000c3c   Number         0  anon$$obj.o(Region$$Table)
    Region$$Table$$Limit                     0x08000c5c   Number         0  anon$$obj.o(Region$$Table)
    __stdout                                 0x20000004   Data           4  stdout.o(.data)
    __initial_sp                             0x200004b8   Data           0  startup_stm32f10x_hd.o(STACK)



==============================================================================

Memory Map of the image

  Image Entry point : 0x08000131

  Load Region LR_IROM1 (Base: 0x08000000, Size: 0x00000c64, Max: 0x00080000, ABSOLUTE)

    Execution Region ER_IROM1 (Exec base: 0x08000000, Load base: 0x08000000, Size: 0x00000c5c, Max: 0x00080000, ABSOLUTE)

    Exec Addr    Load Addr    Size         Type   Attr      Idx    E Section Name        Object

    0x08000000   0x08000000   0x00000130   Data   RO           19    RESET               startup_stm32f10x_hd.o
    0x08000130   0x08000130   0x00000000   Code   RO          876  * .ARM.Collect$$$$00000000  mc_w.l(entry.o)
    0x08000130   0x08000130   0x00000004   Code   RO         1157    .ARM.Collect$$$$00000001  mc_w.l(entry2.o)
    0x08000134   0x08000134   0x00000004   Code   RO         1160    .ARM.Collect$$$$00000004  mc_w.l(entry5.o)
    0x08000138   0x08000138   0x00000000   Code   RO         1162    .ARM.Collect$$$$00000008  mc_w.l(entry7b.o)
    0x08000138   0x08000138   0x00000000   Code   RO         1164    .ARM.Collect$$$$0000000A  mc_w.l(entry8b.o)
    0x08000138   0x08000138   0x00000008   Code   RO         1165    .ARM.Collect$$$$0000000B  mc_w.l(entry9a.o)
    0x08000140   0x08000140   0x00000004   Code   RO         1172    .ARM.Collect$$$$0000000E  mc_w.l(entry12b.o)
    0x08000144   0x08000144   0x00000000   Code   RO         1167    .ARM.Collect$$$$0000000F  mc_w.l(entry10a.o)
    0x08000144   0x08000144   0x00000000   Code   RO         1169    .ARM.Collect$$$$00000011  mc_w.l(entry11a.o)
    0x08000144   0x08000144   0x00000004   Code   RO         1158    .ARM.Collect$$$$00002712  mc_w.l(entry2.o)
    0x08000148   0x08000148   0x00000024   Code   RO           20    .text               startup_stm32f10x_hd.o
    0x0800016c   0x0800016c   0x0000002c   Code   RO         1174    .text               mc_w.l(uidiv.o)
    0x08000198   0x08000198   0x0000000c   Code   RO         1182    .text               mc_w.l(localtime_w.o)
    0x080001a4   0x080001a4   0x0000008c   Code   RO         1185    .text               mc_w.l(localtime_i.o)
    0x08000230   0x08000230   0x00000024   Code   RO         1195    .text               mc_w.l(init.o)
    0x08000254   0x08000254   0x0000001a   Code   RO           65    i.Com_Delay_ms      com_util.o
    0x0800026e   0x0800026e   0x00000042   Code   RO           67    i.Com_Delay_us      com_util.o
    0x080002b0   0x080002b0   0x00000018   Code   RO          486    i.DMA1_Channel5_IRQHandler  dri_dma.o
    0x080002c8   0x080002c8   0x00000002   Code   RO          488    i.Dri_DMA_TC_Callback  dri_dma.o
    0x080002ca   0x080002ca   0x00000002   PAD
    0x080002cc   0x080002cc   0x00000068   Code   RO          622    i.Dri_RTC_GetTime   dri_rtc.o
    0x08000334   0x08000334   0x000000ac   Code   RO          623    i.Dri_RTC_Init      dri_rtc.o
    0x080003e0   0x080003e0   0x00000002   Code   RO          293    i.Dri_SysTick_Callback  dri_systick.o
    0x080003e2   0x080003e2   0x00000002   PAD
    0x080003e4   0x080003e4   0x00000014   Code   RO          451    i.Dri_TIM1_Stop     dri_tim1.o
    0x080003f8   0x080003f8   0x00000002   Code   RO          335    i.Dri_TIM6_UpdateCallback  dri_tim6.o
    0x080003fa   0x080003fa   0x00000002   PAD
    0x080003fc   0x080003fc   0x00000114   Code   RO          103    i.Dri_USART1_Init   dri_usart1.o
    0x08000510   0x08000510   0x00000002   Code   RO          106    i.Dri_USART1_ReceiveCallback  dri_usart1.o
    0x08000512   0x08000512   0x00000002   PAD
    0x08000514   0x08000514   0x0000001c   Code   RO          109    i.Dri_USART1_TransmitByte  dri_usart1.o
    0x08000530   0x08000530   0x00000060   Code   RO          707    i.EXTI15_10_IRQHandler  int_key.o
    0x08000590   0x08000590   0x00000060   Code   RO          708    i.EXTI9_5_IRQHandler  int_key.o
    0x080005f0   0x080005f0   0x00000002   Code   RO          710    i.Int_Key_SW3Callback  int_key.o
    0x080005f2   0x080005f2   0x00000002   Code   RO          711    i.Int_Key_SW4Callback  int_key.o
    0x080005f4   0x080005f4   0x00000002   Code   RO          712    i.Int_Key_SW5Callback  int_key.o
    0x080005f6   0x080005f6   0x00000002   Code   RO          713    i.Int_Key_SW6Callback  int_key.o
    0x080005f8   0x080005f8   0x00000008   Code   RO           24    i.SetSysClock       system_stm32f10x.o
    0x08000600   0x08000600   0x000000e0   Code   RO           25    i.SetSysClockTo72   system_stm32f10x.o
    0x080006e0   0x080006e0   0x0000001c   Code   RO          296    i.SysTick_Handler   dri_systick.o
    0x080006fc   0x080006fc   0x00000060   Code   RO           27    i.SystemInit        system_stm32f10x.o
    0x0800075c   0x0800075c   0x00000038   Code   RO          452    i.TIM1_UP_IRQHandler  dri_tim1.o
    0x08000794   0x08000794   0x00000018   Code   RO          336    i.TIM6_IRQHandler   dri_tim6.o
    0x080007ac   0x080007ac   0x00000054   Code   RO          111    i.USART1_IRQHandler  dri_usart1.o
    0x08000800   0x08000800   0x00000020   Code   RO         1041    i.__0printf$6       mc_w.l(printf6.o)
    0x08000820   0x08000820   0x0000000e   Code   RO         1201    i.__scatterload_copy  mc_w.l(handlers.o)
    0x0800082e   0x0800082e   0x00000002   Code   RO         1202    i.__scatterload_null  mc_w.l(handlers.o)
    0x08000830   0x08000830   0x0000000e   Code   RO         1203    i.__scatterload_zeroinit  mc_w.l(handlers.o)
    0x0800083e   0x0800083e   0x00000002   PAD
    0x08000840   0x08000840   0x000002f0   Code   RO         1048    i._printf_core      mc_w.l(printf6.o)
    0x08000b30   0x08000b30   0x00000024   Code   RO         1049    i._printf_post_padding  mc_w.l(printf6.o)
    0x08000b54   0x08000b54   0x0000002e   Code   RO         1050    i._printf_pre_padding  mc_w.l(printf6.o)
    0x08000b82   0x08000b82   0x00000010   Code   RO          112    i.fputc             dri_usart1.o
    0x08000b92   0x08000b92   0x00000002   PAD
    0x08000b94   0x08000b94   0x0000009c   Code   RO          851    i.main              main.o
    0x08000c30   0x08000c30   0x0000000c   Data   RO         1186    .constdata          mc_w.l(localtime_i.o)
    0x08000c3c   0x08000c3c   0x00000020   Data   RO         1199    Region$$Table       anon$$obj.o


    Execution Region RW_IRAM1 (Exec base: 0x20000000, Load base: 0x08000c5c, Size: 0x000004b8, Max: 0x00010000, ABSOLUTE)

    Exec Addr    Load Addr    Size         Type   Attr      Idx    E Section Name        Object

    0x20000000   0x08000c5c   0x00000002   Data   RW          114    .data               dri_usart1.o
    0x20000002   0x08000c5e   0x00000002   Data   RW          297    .data               dri_systick.o
    0x20000004   0x08000c60   0x00000004   Data   RW         1173    .data               mc_w.l(stdout.o)
    0x20000008        -       0x00000080   Zero   RW          113    .bss                dri_usart1.o
    0x20000088        -       0x0000002c   Zero   RW         1183    .bss                mc_w.l(localtime_w.o)
    0x200000b4   0x08000c64   0x00000004   PAD
    0x200000b8        -       0x00000400   Zero   RW           17    STACK               startup_stm32f10x_hd.o


==============================================================================

Image component sizes


      Code (inc. data)   RO Data    RW Data    ZI Data      Debug   Object Name

        92          0          0          0          0     205698   com_util.o
         0          0          0          0          0       4572   core_cm3.o
        26          4          0          0          0        933   dri_dma.o
       276         16          0          0          0       3057   dri_rtc.o
        30          4          0          2          0       1161   dri_systick.o
        76         36          0          0          0        929   dri_tim1.o
        26          4          0          0          0        924   dri_tim6.o
       406         44          0          2        128      20014   dri_usart1.o
       200         16          0          0          0       2832   int_key.o
       156         84          0          0          0       1011   main.o
        36          8        304          0       1024        812   startup_stm32f10x_hd.o
       328         28          0          0          0       2053   system_stm32f10x.o

    ----------------------------------------------------------------------
      1662        244        336          4       1152     243996   Object Totals
         0          0         32          0          0          0   (incl. Generated)
        10          0          0          0          0          0   (incl. Padding)

    ----------------------------------------------------------------------

      Code (inc. data)   RO Data    RW Data    ZI Data      Debug   Library Member Name

         0          0          0          0          0          0   entry.o
         0          0          0          0          0          0   entry10a.o
         0          0          0          0          0          0   entry11a.o
         4          0          0          0          0          0   entry12b.o
         8          4          0          0          0          0   entry2.o
         4          0          0          0          0          0   entry5.o
         0          0          0          0          0          0   entry7b.o
         0          0          0          0          0          0   entry8b.o
         8          4          0          0          0          0   entry9a.o
        30          0          0          0          0          0   handlers.o
        36          8          0          0          0         68   init.o
       140          6         12          0          0         76   localtime_i.o
        12          6          0          0         44         68   localtime_w.o
       866         14          0          0          0        352   printf6.o
         0          0          0          4          0          0   stdout.o
        44          0          0          0          0         80   uidiv.o

    ----------------------------------------------------------------------
      1154         42         12          4         48        644   Library Totals
         2          0          0          0          4          0   (incl. Padding)

    ----------------------------------------------------------------------

      Code (inc. data)   RO Data    RW Data    ZI Data      Debug   Library Name

      1152         42         12          4         44        644   mc_w.l

    ----------------------------------------------------------------------
      1154         42         12          4         48        644   Library Totals

    ----------------------------------------------------------------------

==============================================================================


      Code (inc. data)   RO Data    RW Data    ZI Data      Debug   

      2816        286        348          8       1200     243232   Grand Totals
      2816        286        348          8       1200     243232   ELF Image Totals
      2816        286        348          8          0          0   ROM Totals

==============================================================================

    Total RO  Size (Code + RO Data)                 3164 (   3.09kB)
    Total RW  Size (RW Data + ZI Data)              1208 (   1.18kB)
    Total ROM Size (Code + RO Data + RW Data)       3172 (   3.10kB)

==============================================================================

